#
# There is insufficient memory for the Java Runtime Environment to continue.
# Native memory allocation (malloc) failed to allocate 1022656 bytes. Error detail: Chunk::new
# Possible reasons:
#   The system is out of physical RAM or swap space
#   This process is running with CompressedOops enabled, and the Java Heap may be blocking the growth of the native heap
# Possible solutions:
#   Reduce memory load on the system
#   Increase physical memory or swap space
#   Check if swap backing store is full
#   Decrease Java heap size (-Xmx/-Xms)
#   Decrease number of Java threads
#   Decrease Java thread stack sizes (-Xss)
#   Set larger code cache with -XX:ReservedCodeCacheSize=
#   JVM is running with Zero Based Compressed Oops mode in which the Java heap is
#     placed in the first 32GB address space. The Java Heap base address is the
#     maximum limit for the native heap growth. Please use -XX:HeapBaseMinAddress
#     to set the Java Heap base and to place the Java Heap above 32GB virtual address.
# This output file may be truncated or incomplete.
#
#  Out of Memory Error (arena.cpp:168), pid=30776, tid=33608
#
# JRE version: OpenJDK Runtime Environment (21.0.4) (build 21.0.4+-12508038-b607.1)
# Java VM: OpenJDK 64-Bit Server VM (21.0.4+-12508038-b607.1, mixed mode, tiered, compressed oops, compressed class ptrs, g1 gc, windows-amd64)
# No core dump will be written. Minidumps are not enabled by default on client versions of Windows
#

---------------  S U M M A R Y ------------

Command Line: org.jetbrains.kotlin.cli.jvm.K2JVMCompiler @D:\projects\Smart-Agri-Guard\mobile\build\device_info_plus\20260201_18302186291890434260.compiler.options

Host: AMD Ryzen 7 5800H with Radeon Graphics         , 16 cores, 15G,  Windows 11 , 64 bit Build 26100 (10.0.26100.7670)
Time: Sun Feb  1 03:10:44 2026 Jordan Standard Time elapsed time: 5.468065 seconds (0d 0h 0m 5s)

---------------  T H R E A D  ---------------

Current thread (0x0000024526b4b0b0):  JavaThread "C2 CompilerThread1" daemon [_thread_in_native, id=33608, stack(0x000000ae02100000,0x000000ae02200000) (1024K)]


Current CompileTask:
C2:   5468 3007   !   4       jdk.internal.loader.BuiltinClassLoader::findClassOnClassPathOrNull (64 bytes)

Stack: [0x000000ae02100000,0x000000ae02200000]
Native frames: (J=compiled Java code, j=interpreted, Vv=VM code, C=native code)
V  [jvm.dll+0x6ce539]
V  [jvm.dll+0x85bf03]
V  [jvm.dll+0x85e45e]
V  [jvm.dll+0x85eb43]
V  [jvm.dll+0x27dd06]
V  [jvm.dll+0xbf9cd]
V  [jvm.dll+0xbff03]
V  [jvm.dll+0x2f19c1]
V  [jvm.dll+0x5f8d79]
V  [jvm.dll+0x2503d2]
V  [jvm.dll+0x25078f]
V  [jvm.dll+0x249065]
V  [jvm.dll+0x2468be]
V  [jvm.dll+0x1c58a4]
V  [jvm.dll+0x255fec]
V  [jvm.dll+0x254536]
V  [jvm.dll+0x3efab6]
V  [jvm.dll+0x804418]
V  [jvm.dll+0x6cce0d]
C  [ucrtbase.dll+0x37b0]
C  [KERNEL32.DLL+0x2e8d7]
C  [ntdll.dll+0x8c48c]


---------------  P R O C E S S  ---------------

Threads class SMR info:
_java_thread_list=0x0000024526678280, length=14, elements={
0x00000245026b5870, 0x00000245230a5470, 0x00000245230b0410, 0x00000245230d31a0,
0x00000245230d3c00, 0x00000245230d4660, 0x00000245230d50c0, 0x00000245230e0e50,
0x00000245230f1900, 0x000002451def19c0, 0x000002452327bb20, 0x00000245232a0370,
0x00000245235c60f0, 0x0000024526b4b0b0
}

Java Threads: ( => current thread )
  0x00000245026b5870 JavaThread "main"                              [_thread_in_Java, id=30460, stack(0x000000ae00400000,0x000000ae00500000) (1024K)]
  0x00000245230a5470 JavaThread "Reference Handler"          daemon [_thread_blocked, id=40352, stack(0x000000ae00c00000,0x000000ae00d00000) (1024K)]
  0x00000245230b0410 JavaThread "Finalizer"                  daemon [_thread_blocked, id=42228, stack(0x000000ae00d00000,0x000000ae00e00000) (1024K)]
  0x00000245230d31a0 JavaThread "Signal Dispatcher"          daemon [_thread_blocked, id=28884, stack(0x000000ae00e00000,0x000000ae00f00000) (1024K)]
  0x00000245230d3c00 JavaThread "Attach Listener"            daemon [_thread_blocked, id=41596, stack(0x000000ae00f00000,0x000000ae01000000) (1024K)]
  0x00000245230d4660 JavaThread "Service Thread"             daemon [_thread_blocked, id=43420, stack(0x000000ae01000000,0x000000ae01100000) (1024K)]
  0x00000245230d50c0 JavaThread "Monitor Deflation Thread"   daemon [_thread_blocked, id=17752, stack(0x000000ae01100000,0x000000ae01200000) (1024K)]
  0x00000245230e0e50 JavaThread "C2 CompilerThread0"         daemon [_thread_in_native, id=22948, stack(0x000000ae01200000,0x000000ae01300000) (1024K)]
  0x00000245230f1900 JavaThread "C1 CompilerThread0"         daemon [_thread_blocked, id=39112, stack(0x000000ae01300000,0x000000ae01400000) (1024K)]
  0x000002451def19c0 JavaThread "C1 CompilerThread1"         daemon [_thread_blocked, id=17040, stack(0x000000ae01400000,0x000000ae01500000) (1024K)]
  0x000002452327bb20 JavaThread "Notification Thread"        daemon [_thread_blocked, id=27888, stack(0x000000ae01500000,0x000000ae01600000) (1024K)]
  0x00000245232a0370 JavaThread "Common-Cleaner"             daemon [_thread_blocked, id=41528, stack(0x000000ae01600000,0x000000ae01700000) (1024K)]
  0x00000245235c60f0 JavaThread "C1 CompilerThread2"         daemon [_thread_blocked, id=16104, stack(0x000000ae01900000,0x000000ae01a00000) (1024K)]
=>0x0000024526b4b0b0 JavaThread "C2 CompilerThread1"         daemon [_thread_in_native, id=33608, stack(0x000000ae02100000,0x000000ae02200000) (1024K)]
Total: 14

Other Threads:
  0x000002451df3eab0 VMThread "VM Thread"                           [id=39780, stack(0x000000ae00b00000,0x000000ae00c00000) (1024K)]
  0x000002451def08a0 WatcherThread "VM Periodic Task Thread"        [id=23356, stack(0x000000ae00a00000,0x000000ae00b00000) (1024K)]
  0x0000024502712b00 WorkerThread "GC Thread#0"                     [id=40336, stack(0x000000ae00500000,0x000000ae00600000) (1024K)]
  0x0000024523a4e7e0 WorkerThread "GC Thread#1"                     [id=36492, stack(0x000000ae01800000,0x000000ae01900000) (1024K)]
  0x0000024523a5cd60 WorkerThread "GC Thread#2"                     [id=18392, stack(0x000000ae01a00000,0x000000ae01b00000) (1024K)]
  0x0000024523a5d100 WorkerThread "GC Thread#3"                     [id=35320, stack(0x000000ae01b00000,0x000000ae01c00000) (1024K)]
  0x0000024523a62060 WorkerThread "GC Thread#4"                     [id=42656, stack(0x000000ae01c00000,0x000000ae01d00000) (1024K)]
  0x0000024523ebc9f0 WorkerThread "GC Thread#5"                     [id=24448, stack(0x000000ae01700000,0x000000ae01800000) (1024K)]
  0x0000024523ebdc10 WorkerThread "GC Thread#6"                     [id=40740, stack(0x000000ae01d00000,0x000000ae01e00000) (1024K)]
  0x0000024523ebd4d0 WorkerThread "GC Thread#7"                     [id=38432, stack(0x000000ae01e00000,0x000000ae01f00000) (1024K)]
  0x0000024524cd38c0 WorkerThread "GC Thread#8"                     [id=13828, stack(0x000000ae02400000,0x000000ae02500000) (1024K)]
  0x0000024524cd43a0 WorkerThread "GC Thread#9"                     [id=15824, stack(0x000000ae02500000,0x000000ae02600000) (1024K)]
  0x0000024524cd4000 WorkerThread "GC Thread#10"                    [id=15156, stack(0x000000ae02600000,0x000000ae02700000) (1024K)]
  0x0000024524cd2a40 WorkerThread "GC Thread#11"                    [id=43104, stack(0x000000ae02300000,0x000000ae02400000) (1024K)]
  0x00000245252a2540 WorkerThread "GC Thread#12"                    [id=16492, stack(0x000000ae02700000,0x000000ae02800000) (1024K)]
  0x0000024502723060 ConcurrentGCThread "G1 Main Marker"            [id=41404, stack(0x000000ae00600000,0x000000ae00700000) (1024K)]
  0x0000024502725a70 WorkerThread "G1 Conc#0"                       [id=40024, stack(0x000000ae00700000,0x000000ae00800000) (1024K)]
  0x0000024523ebdfb0 WorkerThread "G1 Conc#1"                       [id=37416, stack(0x000000ae01f00000,0x000000ae02000000) (1024K)]
  0x0000024523ebd870 WorkerThread "G1 Conc#2"                       [id=34468, stack(0x000000ae02000000,0x000000ae02100000) (1024K)]
  0x000002451ddc40a0 ConcurrentGCThread "G1 Refine#0"               [id=31244, stack(0x000000ae00800000,0x000000ae00900000) (1024K)]
  0x000002451ddc48c0 ConcurrentGCThread "G1 Service"                [id=40904, stack(0x000000ae00900000,0x000000ae00a00000) (1024K)]
Total: 21

Threads with active compile tasks:
C2 CompilerThread0     5512 3048       4       jdk.internal.loader.BuiltinClassLoader::defineClass (121 bytes)
C2 CompilerThread1     5512 3007   !   4       jdk.internal.loader.BuiltinClassLoader::findClassOnClassPathOrNull (64 bytes)
Total: 2

VM state: not at safepoint (normal execution)

VM Mutex/Monitor currently owned by a thread: None

Heap address: 0x000000070a800000, size: 3928 MB, Compressed Oops mode: Zero based, Oop shift amount: 3

CDS archive(s) not mapped
Compressed class space mapped at: 0x0000000800000000-0x0000000840000000, reserved size: 1073741824
Narrow klass base: 0x0000000800000000, Narrow klass shift: 0, Narrow klass range: 0x40000000

GC Precious Log:
 CardTable entry size: 512
 Card Set container configuration: InlinePtr #cards 4 size 8 Array Of Cards #cards 16 size 48 Howl #buckets 8 coarsen threshold 3686 Howl Bitmap #cards 512 size 80 coarsen threshold 460 Card regions per heap region 1 cards per card region 4096
 CPUs: 16 total, 16 available
 Memory: 15709M
 Large Page Support: Disabled
 NUMA Support: Disabled
 Compressed Oops: Enabled (Zero based)
 Heap Region Size: 2M
 Heap Min Capacity: 8M
 Heap Initial Capacity: 246M
 Heap Max Capacity: 3928M
 Pre-touch: Disabled
 Parallel Workers: 13
 Concurrent Workers: 3
 Concurrent Refinement Workers: 13
 Periodic GC: Disabled

Heap:
 garbage-first heap   total 149504K, used 79801K [0x000000070a800000, 0x0000000800000000)
  region size 2048K, 33 young (67584K), 1 survivors (2048K)
 Metaspace       used 50956K, committed 51264K, reserved 1114112K
  class space    used 5839K, committed 5952K, reserved 1048576K

Heap Regions: E=young(eden), S=young(survivor), O=old, HS=humongous(starts), HC=humongous(continues), CS=collection set, F=free, TAMS=top-at-mark-start, PB=parsable bottom
|   0|0x000000070a800000, 0x000000070aa00000, 0x000000070aa00000|100%|HS|  |TAMS 0x000000070a800000| PB 0x000000070a800000| Complete 
|   1|0x000000070aa00000, 0x000000070ac00000, 0x000000070ac00000|100%|HC|  |TAMS 0x000000070aa00000| PB 0x000000070aa00000| Complete 
|   2|0x000000070ac00000, 0x000000070ae00000, 0x000000070ae00000|100%| O|  |TAMS 0x000000070ac00000| PB 0x000000070ac00000| Untracked 
|   3|0x000000070ae00000, 0x000000070b000000, 0x000000070b000000|100%| O|  |TAMS 0x000000070ae00000| PB 0x000000070ae00000| Untracked 
|   4|0x000000070b000000, 0x000000070b200000, 0x000000070b200000|100%| O|  |TAMS 0x000000070b000000| PB 0x000000070b000000| Untracked 
|   5|0x000000070b200000, 0x000000070b400000, 0x000000070b400000|100%| O|  |TAMS 0x000000070b200000| PB 0x000000070b200000| Untracked 
|   6|0x000000070b400000, 0x000000070b600000, 0x000000070b600000|100%| O|Cm|TAMS 0x000000070b400000| PB 0x000000070b400000| Complete 
|   7|0x000000070b600000, 0x000000070b800000, 0x000000070b800000|100%| O|  |TAMS 0x000000070b600000| PB 0x000000070b600000| Untracked 
|   8|0x000000070b800000, 0x000000070b8c8578, 0x000000070ba00000| 39%| O|  |TAMS 0x000000070b800000| PB 0x000000070b800000| Untracked 
|   9|0x000000070ba00000, 0x000000070ba00000, 0x000000070bc00000|  0%| F|  |TAMS 0x000000070ba00000| PB 0x000000070ba00000| Untracked 
|  10|0x000000070bc00000, 0x000000070bc00000, 0x000000070be00000|  0%| F|  |TAMS 0x000000070bc00000| PB 0x000000070bc00000| Untracked 
|  11|0x000000070be00000, 0x000000070be00000, 0x000000070c000000|  0%| F|  |TAMS 0x000000070be00000| PB 0x000000070be00000| Untracked 
|  12|0x000000070c000000, 0x000000070c125f70, 0x000000070c200000| 57%| S|CS|TAMS 0x000000070c000000| PB 0x000000070c000000| Complete 
|  13|0x000000070c200000, 0x000000070c200000, 0x000000070c400000|  0%| F|  |TAMS 0x000000070c200000| PB 0x000000070c200000| Untracked 
|  14|0x000000070c400000, 0x000000070c400000, 0x000000070c600000|  0%| F|  |TAMS 0x000000070c400000| PB 0x000000070c400000| Untracked 
|  15|0x000000070c600000, 0x000000070c600000, 0x000000070c800000|  0%| F|  |TAMS 0x000000070c600000| PB 0x000000070c600000| Untracked 
|  16|0x000000070c800000, 0x000000070c800000, 0x000000070ca00000|  0%| F|  |TAMS 0x000000070c800000| PB 0x000000070c800000| Untracked 
|  17|0x000000070ca00000, 0x000000070ca00000, 0x000000070cc00000|  0%| F|  |TAMS 0x000000070ca00000| PB 0x000000070ca00000| Untracked 
|  18|0x000000070cc00000, 0x000000070cc00000, 0x000000070ce00000|  0%| F|  |TAMS 0x000000070cc00000| PB 0x000000070cc00000| Untracked 
|  19|0x000000070ce00000, 0x000000070ce00000, 0x000000070d000000|  0%| F|  |TAMS 0x000000070ce00000| PB 0x000000070ce00000| Untracked 
|  20|0x000000070d000000, 0x000000070d000000, 0x000000070d200000|  0%| F|  |TAMS 0x000000070d000000| PB 0x000000070d000000| Untracked 
|  21|0x000000070d200000, 0x000000070d200000, 0x000000070d400000|  0%| F|  |TAMS 0x000000070d200000| PB 0x000000070d200000| Untracked 
|  22|0x000000070d400000, 0x000000070d400000, 0x000000070d600000|  0%| F|  |TAMS 0x000000070d400000| PB 0x000000070d400000| Untracked 
|  23|0x000000070d600000, 0x000000070d600000, 0x000000070d800000|  0%| F|  |TAMS 0x000000070d600000| PB 0x000000070d600000| Untracked 
|  24|0x000000070d800000, 0x000000070d800000, 0x000000070da00000|  0%| F|  |TAMS 0x000000070d800000| PB 0x000000070d800000| Untracked 
|  25|0x000000070da00000, 0x000000070da00000, 0x000000070dc00000|  0%| F|  |TAMS 0x000000070da00000| PB 0x000000070da00000| Untracked 
|  26|0x000000070dc00000, 0x000000070dc00000, 0x000000070de00000|  0%| F|  |TAMS 0x000000070dc00000| PB 0x000000070dc00000| Untracked 
|  27|0x000000070de00000, 0x000000070de00000, 0x000000070e000000|  0%| F|  |TAMS 0x000000070de00000| PB 0x000000070de00000| Untracked 
|  28|0x000000070e000000, 0x000000070e000000, 0x000000070e200000|  0%| F|  |TAMS 0x000000070e000000| PB 0x000000070e000000| Untracked 
|  29|0x000000070e200000, 0x000000070e200000, 0x000000070e400000|  0%| F|  |TAMS 0x000000070e200000| PB 0x000000070e200000| Untracked 
|  30|0x000000070e400000, 0x000000070e400000, 0x000000070e600000|  0%| F|  |TAMS 0x000000070e400000| PB 0x000000070e400000| Untracked 
|  31|0x000000070e600000, 0x000000070e600000, 0x000000070e800000|  0%| F|  |TAMS 0x000000070e600000| PB 0x000000070e600000| Untracked 
|  32|0x000000070e800000, 0x000000070e800000, 0x000000070ea00000|  0%| F|  |TAMS 0x000000070e800000| PB 0x000000070e800000| Untracked 
|  33|0x000000070ea00000, 0x000000070ea00000, 0x000000070ec00000|  0%| F|  |TAMS 0x000000070ea00000| PB 0x000000070ea00000| Untracked 
|  34|0x000000070ec00000, 0x000000070ec00000, 0x000000070ee00000|  0%| F|  |TAMS 0x000000070ec00000| PB 0x000000070ec00000| Untracked 
|  35|0x000000070ee00000, 0x000000070ee00000, 0x000000070f000000|  0%| F|  |TAMS 0x000000070ee00000| PB 0x000000070ee00000| Untracked 
|  36|0x000000070f000000, 0x000000070f000000, 0x000000070f200000|  0%| F|  |TAMS 0x000000070f000000| PB 0x000000070f000000| Untracked 
|  37|0x000000070f200000, 0x000000070f200000, 0x000000070f400000|  0%| F|  |TAMS 0x000000070f200000| PB 0x000000070f200000| Untracked 
|  38|0x000000070f400000, 0x000000070f400000, 0x000000070f600000|  0%| F|  |TAMS 0x000000070f400000| PB 0x000000070f400000| Untracked 
|  39|0x000000070f600000, 0x000000070f600000, 0x000000070f800000|  0%| F|  |TAMS 0x000000070f600000| PB 0x000000070f600000| Untracked 
|  40|0x000000070f800000, 0x000000070f800000, 0x000000070fa00000|  0%| F|  |TAMS 0x000000070f800000| PB 0x000000070f800000| Untracked 
|  41|0x000000070fa00000, 0x000000070fa9f850, 0x000000070fc00000| 31%| E|  |TAMS 0x000000070fa00000| PB 0x000000070fa00000| Complete 
|  42|0x000000070fc00000, 0x000000070fe00000, 0x000000070fe00000|100%| E|CS|TAMS 0x000000070fc00000| PB 0x000000070fc00000| Complete 
|  43|0x000000070fe00000, 0x0000000710000000, 0x0000000710000000|100%| E|  |TAMS 0x000000070fe00000| PB 0x000000070fe00000| Complete 
|  44|0x0000000710000000, 0x0000000710200000, 0x0000000710200000|100%| E|CS|TAMS 0x0000000710000000| PB 0x0000000710000000| Complete 
|  45|0x0000000710200000, 0x0000000710400000, 0x0000000710400000|100%| E|CS|TAMS 0x0000000710200000| PB 0x0000000710200000| Complete 
|  46|0x0000000710400000, 0x0000000710600000, 0x0000000710600000|100%| E|CS|TAMS 0x0000000710400000| PB 0x0000000710400000| Complete 
|  47|0x0000000710600000, 0x0000000710800000, 0x0000000710800000|100%| E|CS|TAMS 0x0000000710600000| PB 0x0000000710600000| Complete 
|  48|0x0000000710800000, 0x0000000710a00000, 0x0000000710a00000|100%| E|CS|TAMS 0x0000000710800000| PB 0x0000000710800000| Complete 
|  49|0x0000000710a00000, 0x0000000710c00000, 0x0000000710c00000|100%| E|CS|TAMS 0x0000000710a00000| PB 0x0000000710a00000| Complete 
|  50|0x0000000710c00000, 0x0000000710e00000, 0x0000000710e00000|100%| E|CS|TAMS 0x0000000710c00000| PB 0x0000000710c00000| Complete 
|  51|0x0000000710e00000, 0x0000000711000000, 0x0000000711000000|100%| E|CS|TAMS 0x0000000710e00000| PB 0x0000000710e00000| Complete 
|  52|0x0000000711000000, 0x0000000711200000, 0x0000000711200000|100%| E|CS|TAMS 0x0000000711000000| PB 0x0000000711000000| Complete 
|  53|0x0000000711200000, 0x0000000711400000, 0x0000000711400000|100%| E|CS|TAMS 0x0000000711200000| PB 0x0000000711200000| Complete 
|  54|0x0000000711400000, 0x0000000711600000, 0x0000000711600000|100%| E|CS|TAMS 0x0000000711400000| PB 0x0000000711400000| Complete 
|  55|0x0000000711600000, 0x0000000711800000, 0x0000000711800000|100%| E|CS|TAMS 0x0000000711600000| PB 0x0000000711600000| Complete 
|  56|0x0000000711800000, 0x0000000711a00000, 0x0000000711a00000|100%| E|CS|TAMS 0x0000000711800000| PB 0x0000000711800000| Complete 
|  57|0x0000000711a00000, 0x0000000711c00000, 0x0000000711c00000|100%| E|CS|TAMS 0x0000000711a00000| PB 0x0000000711a00000| Complete 
|  58|0x0000000711c00000, 0x0000000711e00000, 0x0000000711e00000|100%| E|CS|TAMS 0x0000000711c00000| PB 0x0000000711c00000| Complete 
|  59|0x0000000711e00000, 0x0000000712000000, 0x0000000712000000|100%| E|CS|TAMS 0x0000000711e00000| PB 0x0000000711e00000| Complete 
|  60|0x0000000712000000, 0x0000000712200000, 0x0000000712200000|100%| E|CS|TAMS 0x0000000712000000| PB 0x0000000712000000| Complete 
|  61|0x0000000712200000, 0x0000000712400000, 0x0000000712400000|100%| E|CS|TAMS 0x0000000712200000| PB 0x0000000712200000| Complete 
|  62|0x0000000712400000, 0x0000000712600000, 0x0000000712600000|100%| E|CS|TAMS 0x0000000712400000| PB 0x0000000712400000| Complete 
|  63|0x0000000712600000, 0x0000000712800000, 0x0000000712800000|100%| E|CS|TAMS 0x0000000712600000| PB 0x0000000712600000| Complete 
|  64|0x0000000712800000, 0x0000000712a00000, 0x0000000712a00000|100%| E|CS|TAMS 0x0000000712800000| PB 0x0000000712800000| Complete 
|  65|0x0000000712a00000, 0x0000000712c00000, 0x0000000712c00000|100%| E|CS|TAMS 0x0000000712a00000| PB 0x0000000712a00000| Complete 
|  66|0x0000000712c00000, 0x0000000712e00000, 0x0000000712e00000|100%| E|CS|TAMS 0x0000000712c00000| PB 0x0000000712c00000| Complete 
|  67|0x0000000712e00000, 0x0000000713000000, 0x0000000713000000|100%| E|CS|TAMS 0x0000000712e00000| PB 0x0000000712e00000| Complete 
|  68|0x0000000713000000, 0x0000000713200000, 0x0000000713200000|100%| E|CS|TAMS 0x0000000713000000| PB 0x0000000713000000| Complete 
| 105|0x0000000717a00000, 0x0000000717c00000, 0x0000000717c00000|100%| E|CS|TAMS 0x0000000717a00000| PB 0x0000000717a00000| Complete 
| 106|0x0000000717c00000, 0x0000000717e00000, 0x0000000717e00000|100%| E|CS|TAMS 0x0000000717c00000| PB 0x0000000717c00000| Complete 
| 107|0x0000000717e00000, 0x0000000718000000, 0x0000000718000000|100%| E|CS|TAMS 0x0000000717e00000| PB 0x0000000717e00000| Complete 
| 122|0x0000000719c00000, 0x0000000719e00000, 0x0000000719e00000|100%| E|CS|TAMS 0x0000000719c00000| PB 0x0000000719c00000| Complete 

Card table byte_map: [0x0000024517550000,0x0000024517d00000] _byte_map_base: 0x0000024513cfc000

Marking Bits: (CMBitMap*) 0x0000024502713200
 Bits: [0x0000024517d00000, 0x000002451ba60000)

Polling page: 0x00000245023e0000

Metaspace:

Usage:
  Non-class:     44.06 MB used.
      Class:      5.70 MB used.
       Both:     49.76 MB used.

Virtual space:
  Non-class space:       64.00 MB reserved,      44.25 MB ( 69%) committed,  1 nodes.
      Class space:        1.00 GB reserved,       5.81 MB ( <1%) committed,  1 nodes.
             Both:        1.06 GB reserved,      50.06 MB (  5%) committed. 

Chunk freelists:
   Non-Class:  3.15 MB
       Class:  10.09 MB
        Both:  13.25 MB

MaxMetaspaceSize: unlimited
CompressedClassSpaceSize: 1.00 GB
Initial GC threshold: 21.00 MB
Current GC threshold: 59.06 MB
CDS: off
 - commit_granule_bytes: 65536.
 - commit_granule_words: 8192.
 - virtual_space_node_default_size: 8388608.
 - enlarge_chunks_in_place: 1.
 - use_allocation_guard: 0.


Internal statistics:

num_allocs_failed_limit: 6.
num_arena_births: 268.
num_arena_deaths: 0.
num_vsnodes_births: 2.
num_vsnodes_deaths: 0.
num_space_committed: 801.
num_space_uncommitted: 0.
num_chunks_returned_to_freelist: 6.
num_chunks_taken_from_freelist: 1770.
num_chunk_merges: 6.
num_chunk_splits: 1462.
num_chunks_enlarged: 1326.
num_inconsistent_stats: 0.

CodeHeap 'non-profiled nmethods': size=119168Kb used=1366Kb max_used=1366Kb free=117801Kb
 bounds [0x000002450e970000, 0x000002450ebe0000, 0x0000024515dd0000]
CodeHeap 'profiled nmethods': size=119104Kb used=6214Kb max_used=6214Kb free=112889Kb
 bounds [0x0000024506dd0000, 0x00000245073f0000, 0x000002450e220000]
CodeHeap 'non-nmethods': size=7488Kb used=2698Kb max_used=2737Kb free=4789Kb
 bounds [0x000002450e220000, 0x000002450e4e0000, 0x000002450e970000]
 total_blobs=3628 nmethods=2986 adapters=544
 compilation: enabled
              stopped_count=0, restarted_count=0
 full_count=0

Compilation events (20 events):
Event: 5.456 Thread 0x000002451def19c0 nmethod 3060 0x00000245073c8310 code [0x00000245073c84c0, 0x00000245073c8688]
Event: 5.456 Thread 0x000002451def19c0 3062       3       org.jetbrains.kotlin.fir.declarations.FirCallableDeclaration::<init> (6 bytes)
Event: 5.456 Thread 0x000002451def19c0 nmethod 3062 0x00000245073c8790 code [0x00000245073c8960, 0x00000245073c8d00]
Event: 5.456 Thread 0x00000245230f1900 nmethod 3061 0x00000245073c8e90 code [0x00000245073c9060, 0x00000245073c9460]
Event: 5.456 Thread 0x000002451def19c0 3063       3       org.jetbrains.kotlin.name.ClassId::getOuterClassId (51 bytes)
Event: 5.456 Thread 0x00000245235c60f0 nmethod 3059 0x00000245073c9610 code [0x00000245073c98a0, 0x00000245073ca288]
Event: 5.457 Thread 0x000002451def19c0 nmethod 3063 0x00000245073ca690 code [0x00000245073ca880, 0x00000245073cad98]
Event: 5.457 Thread 0x000002451def19c0 3064       1       org.jetbrains.kotlin.load.java.structure.impl.classFiles.BinaryJavaClass::getFqName (5 bytes)
Event: 5.457 Thread 0x00000245230f1900 3065       3       kotlin.UnsafeLazyImpl::getValue (37 bytes)
Event: 5.457 Thread 0x000002451def19c0 nmethod 3064 0x000002450eac2d10 code [0x000002450eac2ea0, 0x000002450eac2f70]
Event: 5.458 Thread 0x00000245230f1900 nmethod 3065 0x00000245073cb010 code [0x00000245073cb240, 0x00000245073cb968]
Event: 5.460 Thread 0x00000245230f1900 3066       3       kotlin.collections.MapsKt__MapsKt::emptyMap (13 bytes)
Event: 5.460 Thread 0x00000245230f1900 nmethod 3066 0x00000245073cbc10 code [0x00000245073cbda0, 0x00000245073cbf00]
Event: 5.463 Thread 0x00000245230f1900 3067       1       org.jetbrains.kotlin.load.java.structure.impl.classFiles.BinaryJavaClass::getOuterClass (5 bytes)
Event: 5.463 Thread 0x00000245230f1900 nmethod 3067 0x000002450eac3010 code [0x000002450eac31a0, 0x000002450eac3270]
Event: 5.464 Thread 0x00000245235c60f0 3068       3       org.jetbrains.kotlin.fir.MutableOrEmptyList::isEmpty (8 bytes)
Event: 5.464 Thread 0x000002451def19c0 3069       3       org.jetbrains.kotlin.fir.MutableOrEmptyList::isEmpty-impl (16 bytes)
Event: 5.464 Thread 0x000002451def19c0 nmethod 3069 0x00000245073cc010 code [0x00000245073cc1c0, 0x00000245073cc3c0]
Event: 5.464 Thread 0x00000245235c60f0 nmethod 3068 0x00000245073cc490 code [0x00000245073cc640, 0x00000245073cc8c8]
Event: 5.465 Thread 0x00000245235c60f0 3070       1       org.jetbrains.kotlin.fir.declarations.impl.FirSimpleFunctionImpl::getSymbol (5 bytes)

GC Heap History (14 events):
Event: 0.968 GC heap before
{Heap before GC invocations=0 (full 0):
 garbage-first heap   total 251904K, used 24576K [0x000000070a800000, 0x0000000800000000)
  region size 2048K, 11 young (22528K), 0 survivors (0K)
 Metaspace       used 13271K, committed 13440K, reserved 1114112K
  class space    used 1206K, committed 1280K, reserved 1048576K
}
Event: 0.971 GC heap after
{Heap after GC invocations=1 (full 0):
 garbage-first heap   total 251904K, used 6975K [0x000000070a800000, 0x0000000800000000)
  region size 2048K, 2 young (4096K), 2 survivors (4096K)
 Metaspace       used 13271K, committed 13440K, reserved 1114112K
  class space    used 1206K, committed 1280K, reserved 1048576K
}
Event: 1.547 GC heap before
{Heap before GC invocations=1 (full 0):
 garbage-first heap   total 251904K, used 29503K [0x000000070a800000, 0x0000000800000000)
  region size 2048K, 15 young (30720K), 2 survivors (4096K)
 Metaspace       used 21341K, committed 21504K, reserved 1114112K
  class space    used 2172K, committed 2240K, reserved 1048576K
}
Event: 1.552 GC heap after
{Heap after GC invocations=2 (full 0):
 garbage-first heap   total 251904K, used 8412K [0x000000070a800000, 0x0000000800000000)
  region size 2048K, 3 young (6144K), 3 survivors (6144K)
 Metaspace       used 21341K, committed 21504K, reserved 1114112K
  class space    used 2172K, committed 2240K, reserved 1048576K
}
Event: 2.194 GC heap before
{Heap before GC invocations=3 (full 0):
 garbage-first heap   total 34816K, used 32988K [0x000000070a800000, 0x0000000800000000)
  region size 2048K, 15 young (30720K), 3 survivors (6144K)
 Metaspace       used 25796K, committed 26112K, reserved 1114112K
  class space    used 2736K, committed 2880K, reserved 1048576K
}
Event: 2.206 GC heap after
{Heap after GC invocations=4 (full 0):
 garbage-first heap   total 45056K, used 14336K [0x000000070a800000, 0x0000000800000000)
  region size 2048K, 5 young (10240K), 5 survivors (10240K)
 Metaspace       used 25796K, committed 26112K, reserved 1114112K
  class space    used 2736K, committed 2880K, reserved 1048576K
}
Event: 2.670 GC heap before
{Heap before GC invocations=4 (full 0):
 garbage-first heap   total 45056K, used 30720K [0x000000070a800000, 0x0000000800000000)
  region size 2048K, 13 young (26624K), 5 survivors (10240K)
 Metaspace       used 30636K, committed 30912K, reserved 1114112K
  class space    used 3470K, committed 3584K, reserved 1048576K
}
Event: 2.683 GC heap after
{Heap after GC invocations=5 (full 0):
 garbage-first heap   total 45056K, used 15506K [0x000000070a800000, 0x0000000800000000)
  region size 2048K, 1 young (2048K), 1 survivors (2048K)
 Metaspace       used 30636K, committed 30912K, reserved 1114112K
  class space    used 3470K, committed 3584K, reserved 1048576K
}
Event: 3.251 GC heap before
{Heap before GC invocations=5 (full 0):
 garbage-first heap   total 45056K, used 33938K [0x000000070a800000, 0x0000000800000000)
  region size 2048K, 10 young (20480K), 1 survivors (2048K)
 Metaspace       used 34801K, committed 35072K, reserved 1114112K
  class space    used 4169K, committed 4288K, reserved 1048576K
}
Event: 3.257 GC heap after
{Heap after GC invocations=6 (full 0):
 garbage-first heap   total 45056K, used 17286K [0x000000070a800000, 0x0000000800000000)
  region size 2048K, 2 young (4096K), 2 survivors (4096K)
 Metaspace       used 34801K, committed 35072K, reserved 1114112K
  class space    used 4169K, committed 4288K, reserved 1048576K
}
Event: 3.366 GC heap before
{Heap before GC invocations=6 (full 0):
 garbage-first heap   total 45056K, used 21382K [0x000000070a800000, 0x0000000800000000)
  region size 2048K, 5 young (10240K), 2 survivors (4096K)
 Metaspace       used 35887K, committed 36096K, reserved 1114112K
  class space    used 4267K, committed 4352K, reserved 1048576K
}
Event: 3.371 GC heap after
{Heap after GC invocations=7 (full 0):
 garbage-first heap   total 45056K, used 17745K [0x000000070a800000, 0x0000000800000000)
  region size 2048K, 1 young (2048K), 1 survivors (2048K)
 Metaspace       used 35887K, committed 36096K, reserved 1114112K
  class space    used 4267K, committed 4352K, reserved 1048576K
}
Event: 3.875 GC heap before
{Heap before GC invocations=8 (full 0):
 garbage-first heap   total 45056K, used 34129K [0x000000070a800000, 0x0000000800000000)
  region size 2048K, 9 young (18432K), 1 survivors (2048K)
 Metaspace       used 40395K, committed 40640K, reserved 1114112K
  class space    used 4730K, committed 4800K, reserved 1048576K
}
Event: 3.880 GC heap after
{Heap after GC invocations=9 (full 0):
 garbage-first heap   total 149504K, used 18361K [0x000000070a800000, 0x0000000800000000)
  region size 2048K, 1 young (2048K), 1 survivors (2048K)
 Metaspace       used 40395K, committed 40640K, reserved 1114112K
  class space    used 4730K, committed 4800K, reserved 1048576K
}

Dll operation events (3 events):
Event: 0.023 Loaded shared library C:\Program Files\Android\Android Studio\jbr\bin\java.dll
Event: 0.032 Loaded shared library C:\Program Files\Android\Android Studio\jbr\bin\zip.dll
Event: 2.117 Loaded shared library C:\Program Files\Android\Android Studio\jbr\bin\verify.dll

Deoptimization events (20 events):
Event: 4.227 Thread 0x00000245026b5870 Uncommon trap: trap_request=0xffffff45 fr.pc=0x000002450e9c8f80 relative=0x0000000000000060
Event: 4.227 Thread 0x00000245026b5870 Uncommon trap: reason=unstable_if action=reinterpret pc=0x000002450e9c8f80 method=java.lang.CharacterDataLatin1.equalsIgnoreCase(BB)Z @ 2 c2
Event: 4.227 Thread 0x00000245026b5870 DEOPT PACKING pc=0x000002450e9c8f80 sp=0x000000ae004fc5f0
Event: 4.227 Thread 0x00000245026b5870 DEOPT UNPACKING pc=0x000002450e2746a2 sp=0x000000ae004fc580 mode 2
Event: 4.559 Thread 0x00000245026b5870 Uncommon trap: trap_request=0xffffff45 fr.pc=0x000002450ea09d08 relative=0x00000000000000e8
Event: 4.559 Thread 0x00000245026b5870 Uncommon trap: reason=unstable_if action=reinterpret pc=0x000002450ea09d08 method=java.lang.Integer.valueOf(I)Ljava/lang/Integer; @ 3 c2
Event: 4.559 Thread 0x00000245026b5870 DEOPT PACKING pc=0x000002450ea09d08 sp=0x000000ae004fba60
Event: 4.559 Thread 0x00000245026b5870 DEOPT UNPACKING pc=0x000002450e2746a2 sp=0x000000ae004fb9f8 mode 2
Event: 4.734 Thread 0x00000245026b5870 DEOPT PACKING pc=0x00000245073341c2 sp=0x000000ae004fbc30
Event: 4.734 Thread 0x00000245026b5870 DEOPT UNPACKING pc=0x000002450e274e42 sp=0x000000ae004fb108 mode 0
Event: 4.740 Thread 0x00000245026b5870 DEOPT PACKING pc=0x00000245073341c2 sp=0x000000ae004fbc30
Event: 4.740 Thread 0x00000245026b5870 DEOPT UNPACKING pc=0x000002450e274e42 sp=0x000000ae004fb108 mode 0
Event: 4.926 Thread 0x00000245026b5870 DEOPT PACKING pc=0x00000245072c793c sp=0x000000ae004fad30
Event: 4.926 Thread 0x00000245026b5870 DEOPT UNPACKING pc=0x000002450e274e42 sp=0x000000ae004fa250 mode 0
Event: 4.928 Thread 0x00000245026b5870 DEOPT PACKING pc=0x00000245072a6094 sp=0x000000ae004fac80
Event: 4.928 Thread 0x00000245026b5870 DEOPT UNPACKING pc=0x000002450e274e42 sp=0x000000ae004fa230 mode 0
Event: 5.029 Thread 0x00000245026b5870 Uncommon trap: trap_request=0xffffff45 fr.pc=0x000002450ea43e84 relative=0x0000000000000064
Event: 5.029 Thread 0x00000245026b5870 Uncommon trap: reason=unstable_if action=reinterpret pc=0x000002450ea43e84 method=kotlin.jvm.internal.Intrinsics.areEqual(Ljava/lang/Object;Ljava/lang/Object;)Z @ 5 c2
Event: 5.029 Thread 0x00000245026b5870 DEOPT PACKING pc=0x000002450ea43e84 sp=0x000000ae004fd560
Event: 5.029 Thread 0x00000245026b5870 DEOPT UNPACKING pc=0x000002450e2746a2 sp=0x000000ae004fd4f0 mode 2

Classes loaded (20 events):
Event: 4.054 Loading class java/util/PriorityQueue
Event: 4.055 Loading class java/util/PriorityQueue done
Event: 4.238 Loading class java/security/AccessControlException
Event: 4.238 Loading class java/security/AccessControlException done
Event: 4.275 Loading class java/text/StringCharacterIterator
Event: 4.275 Loading class java/text/CharacterIterator
Event: 4.275 Loading class java/text/CharacterIterator done
Event: 4.275 Loading class java/text/StringCharacterIterator done
Event: 4.377 Loading class java/lang/annotation/ElementType
Event: 4.377 Loading class java/lang/annotation/ElementType done
Event: 4.377 Loading class java/lang/Deprecated
Event: 4.377 Loading class java/lang/Deprecated done
Event: 4.377 Loading class java/lang/Override
Event: 4.377 Loading class java/lang/Override done
Event: 4.540 Loading class java/util/AbstractList$ListItr
Event: 4.541 Loading class java/util/AbstractList$ListItr done
Event: 5.435 Loading class java/util/AbstractList$RandomAccessSubList
Event: 5.435 Loading class java/util/AbstractList$SubList
Event: 5.435 Loading class java/util/AbstractList$SubList done
Event: 5.435 Loading class java/util/AbstractList$RandomAccessSubList done

Classes unloaded (0 events):
No events

Classes redefined (0 events):
No events

Internal exceptions (20 events):
Event: 1.847 Thread 0x00000245026b5870 Exception <a 'java/lang/NoSuchMethodError'{0x000000070bb77348}: 'java.lang.Object java.lang.invoke.DelegatingMethodHandle$Holder.reinvoke_L(java.lang.Object, int, long, java.lang.Object, java.lang.Object, int, java.lang.Object)'> (0x000000070bb77348) 
thrown [s\src\hotspot\share\interpreter\linkResolver.cpp, line 784]
Event: 1.858 Thread 0x00000245026b5870 Exception <a 'java/lang/NoSuchMethodError'{0x000000070bb9e7e0}: 'java.lang.Object java.lang.invoke.DirectMethodHandle$Holder.invokeStatic(java.lang.Object, java.lang.Object, int)'> (0x000000070bb9e7e0) 
thrown [s\src\hotspot\share\interpreter\linkResolver.cpp, line 784]
Event: 1.860 Thread 0x00000245026b5870 Exception <a 'java/lang/NoSuchMethodError'{0x000000070bba9448}: 'void java.lang.invoke.DelegatingMethodHandle$Holder.delegate(java.lang.Object, java.lang.Object, int, java.lang.Object)'> (0x000000070bba9448) 
thrown [s\src\hotspot\share\interpreter\linkResolver.cpp, line 784]
Event: 1.870 Thread 0x00000245026b5870 Exception <a 'java/lang/NoSuchMethodError'{0x000000070bbc5658}: 'java.lang.Object java.lang.invoke.DirectMethodHandle$Holder.newInvokeSpecial(java.lang.Object, java.lang.Object, java.lang.Object, long)'> (0x000000070bbc5658) 
thrown [s\src\hotspot\share\interpreter\linkResolver.cpp, line 784]
Event: 2.129 Thread 0x00000245026b5870 Exception <a 'java/lang/NoSuchMethodError'{0x000000070afd2318}: 'void java.lang.invoke.DirectMethodHandle$Holder.invokeStaticInit(java.lang.Object, java.lang.Object, java.lang.Object)'> (0x000000070afd2318) 
thrown [s\src\hotspot\share\interpreter\linkResolver.cpp, line 784]
Event: 2.344 Thread 0x00000245026b5870 Exception <a 'java/lang/NoSuchMethodError'{0x0000000717cd88b8}: 'java.lang.Object java.lang.invoke.DirectMethodHandle$Holder.newInvokeSpecial(java.lang.Object, java.lang.Object, java.lang.Object, java.lang.Object, java.lang.Object, java.lang.Object, java.lang.Object)'> (0x0000000717cd88b8) 
thrown [s\src\hotspot\share\interpreter\linkResolver.cpp, line 784]
Event: 3.531 Thread 0x00000245026b5870 Exception <a 'java/lang/NoSuchMethodError'{0x000000070ca72e48}: 'java.lang.Object java.lang.invoke.DirectMethodHandle$Holder.invokeVirtual(java.lang.Object, java.lang.Object, java.lang.Object)'> (0x000000070ca72e48) 
thrown [s\src\hotspot\share\interpreter\linkResolver.cpp, line 784]
Event: 4.213 Thread 0x00000245026b5870 Exception <a 'java/lang/NoSuchMethodError'{0x0000000712da3ba8}: 'java.lang.Object java.lang.invoke.DirectMethodHandle$Holder.newInvokeSpecial(java.lang.Object, java.lang.Object, java.lang.Object, int, java.lang.Object)'> (0x0000000712da3ba8) 
thrown [s\src\hotspot\share\interpreter\linkResolver.cpp, line 784]
Event: 4.933 Thread 0x00000245026b5870 Exception <a 'java/lang/NoSuchMethodError'{0x0000000710606fc0}: 'java.lang.Object java.lang.invoke.DirectMethodHandle$Holder.newInvokeSpecial(java.lang.Object, java.lang.Object, java.lang.Object, java.lang.Object, java.lang.Object, java.lang.Object)'> (0x0000000710606fc0) 
thrown [s\src\hotspot\share\interpreter\linkResolver.cpp, line 784]
Event: 5.132 Thread 0x00000245026b5870 Exception <a 'java/lang/NoSuchMethodError'{0x0000000710267af8}: 'java.lang.Object java.lang.invoke.DirectMethodHandle$Holder.newInvokeSpecial(java.lang.Object, java.lang.Object, java.lang.Object, java.lang.Object, java.lang.Object, java.lang.Object, java.lang.Object, java.lang.Object, java.lang.Object)'> (0x0000000710267af8) 
thrown [s\src\hotspot\share\interpreter\linkResolver.cpp, line 784]
Event: 5.221 Thread 0x00000245026b5870 Exception <a 'java/lang/NoSuchMethodError'{0x00000007100c3780}: 'java.lang.Object java.lang.invoke.DirectMethodHandle$Holder.newInvokeSpecial(java.lang.Object, java.lang.Object, java.lang.Object, java.lang.Object, int)'> (0x00000007100c3780) 
thrown [s\src\hotspot\share\interpreter\linkResolver.cpp, line 784]
Event: 5.222 Thread 0x00000245026b5870 Exception <a 'java/lang/NoSuchMethodError'{0x00000007100c7bc8}: 'java.lang.Object java.lang.invoke.DirectMethodHandle$Holder.invokeSpecial(java.lang.Object, java.lang.Object, java.lang.Object, java.lang.Object, java.lang.Object, int)'> (0x00000007100c7bc8) 
thrown [s\src\hotspot\share\interpreter\linkResolver.cpp, line 784]
Event: 5.222 Thread 0x00000245026b5870 Exception <a 'java/lang/NoSuchMethodError'{0x00000007100cb908}: 'java.lang.Object java.lang.invoke.Invokers$Holder.linkToTargetMethod(java.lang.Object, java.lang.Object, java.lang.Object, int, java.lang.Object)'> (0x00000007100cb908) 
thrown [s\src\hotspot\share\interpreter\linkResolver.cpp, line 784]
Event: 5.225 Thread 0x00000245026b5870 Exception <a 'java/lang/NoSuchMethodError'{0x00000007100d3650}: 'java.lang.Object java.lang.invoke.DirectMethodHandle$Holder.newInvokeSpecial(java.lang.Object, java.lang.Object, java.lang.Object, int)'> (0x00000007100d3650) 
thrown [s\src\hotspot\share\interpreter\linkResolver.cpp, line 784]
Event: 5.226 Thread 0x00000245026b5870 Exception <a 'java/lang/NoSuchMethodError'{0x00000007100d74d0}: 'java.lang.Object java.lang.invoke.DirectMethodHandle$Holder.invokeSpecial(java.lang.Object, java.lang.Object, java.lang.Object, java.lang.Object, int)'> (0x00000007100d74d0) 
thrown [s\src\hotspot\share\interpreter\linkResolver.cpp, line 784]
Event: 5.226 Thread 0x00000245026b5870 Exception <a 'java/lang/NoSuchMethodError'{0x00000007100dac28}: 'java.lang.Object java.lang.invoke.Invokers$Holder.linkToTargetMethod(java.lang.Object, java.lang.Object, int, java.lang.Object)'> (0x00000007100dac28) 
thrown [s\src\hotspot\share\interpreter\linkResolver.cpp, line 784]
Event: 5.229 Thread 0x00000245026b5870 Exception <a 'java/lang/NoSuchMethodError'{0x00000007100ea320}: 'java.lang.Object java.lang.invoke.DirectMethodHandle$Holder.newInvokeSpecial(java.lang.Object, int, java.lang.Object)'> (0x00000007100ea320) 
thrown [s\src\hotspot\share\interpreter\linkResolver.cpp, line 784]
Event: 5.238 Thread 0x00000245026b5870 Exception <a 'java/lang/NoSuchMethodError'{0x000000071012fca8}: 'java.lang.Object java.lang.invoke.DirectMethodHandle$Holder.newInvokeSpecial(java.lang.Object, java.lang.Object, java.lang.Object, java.lang.Object, int, java.lang.Object, java.lang.Object)'> (0x000000071012fca8) 
thrown [s\src\hotspot\share\interpreter\linkResolver.cpp, line 784]
Event: 5.239 Thread 0x00000245026b5870 Exception <a 'java/lang/NoSuchMethodError'{0x00000007101381a8}: 'java.lang.Object java.lang.invoke.Invokers$Holder.linkToTargetMethod(java.lang.Object, java.lang.Object, java.lang.Object, int, java.lang.Object, java.lang.Object, java.lang.Object)'> (0x00000007101381a8) 
thrown [s\src\hotspot\share\interpreter\linkResolver.cpp, line 784]
Event: 5.395 Thread 0x00000245026b5870 Exception <a 'java/lang/NoSuchMethodError'{0x000000070fc13af0}: 'java.lang.Object java.lang.invoke.DirectMethodHandle$Holder.invokeSpecial(java.lang.Object, java.lang.Object, int, java.lang.Object, java.lang.Object)'> (0x000000070fc13af0) 
thrown [s\src\hotspot\share\interpreter\linkResolver.cpp, line 784]

ZGC Phase Switch (0 events):
No events

VM Operations (20 events):
Event: 3.875 Executing VM operation: G1CollectForAllocation (G1 Evacuation Pause)
Event: 3.880 Executing VM operation: G1CollectForAllocation (G1 Evacuation Pause) done
Event: 3.914 Executing VM operation: HandshakeAllThreads (Deoptimize)
Event: 3.914 Executing VM operation: HandshakeAllThreads (Deoptimize) done
Event: 3.924 Executing VM operation: HandshakeAllThreads (Deoptimize)
Event: 3.924 Executing VM operation: HandshakeAllThreads (Deoptimize) done
Event: 4.395 Executing VM operation: HandshakeAllThreads (Deoptimize)
Event: 4.395 Executing VM operation: HandshakeAllThreads (Deoptimize) done
Event: 4.541 Executing VM operation: HandshakeAllThreads (Deoptimize)
Event: 4.541 Executing VM operation: HandshakeAllThreads (Deoptimize) done
Event: 4.706 Executing VM operation: ICBufferFull
Event: 4.707 Executing VM operation: ICBufferFull done
Event: 4.925 Executing VM operation: HandshakeAllThreads (Deoptimize)
Event: 4.926 Executing VM operation: HandshakeAllThreads (Deoptimize) done
Event: 4.928 Executing VM operation: HandshakeAllThreads (Deoptimize)
Event: 4.928 Executing VM operation: HandshakeAllThreads (Deoptimize) done
Event: 4.937 Executing VM operation: HandshakeAllThreads (Deoptimize)
Event: 4.937 Executing VM operation: HandshakeAllThreads (Deoptimize) done
Event: 4.941 Executing VM operation: HandshakeAllThreads (Deoptimize)
Event: 4.941 Executing VM operation: HandshakeAllThreads (Deoptimize) done

Memory protections (0 events):
No events

Nmethod flushes (20 events):
Event: 3.383 Thread 0x000002451df3eab0 flushing  nmethod 0x0000024506e16f10
Event: 3.383 Thread 0x000002451df3eab0 flushing  nmethod 0x0000024506e18410
Event: 3.383 Thread 0x000002451df3eab0 flushing  nmethod 0x0000024506e25c90
Event: 3.383 Thread 0x000002451df3eab0 flushing  nmethod 0x0000024506e28810
Event: 3.383 Thread 0x000002451df3eab0 flushing  nmethod 0x0000024506e29110
Event: 3.383 Thread 0x000002451df3eab0 flushing  nmethod 0x0000024506e29710
Event: 3.383 Thread 0x000002451df3eab0 flushing  nmethod 0x0000024506e3bb10
Event: 3.383 Thread 0x000002451df3eab0 flushing  nmethod 0x0000024506e3cb90
Event: 3.383 Thread 0x000002451df3eab0 flushing  nmethod 0x0000024506e3fe10
Event: 3.383 Thread 0x000002451df3eab0 flushing  nmethod 0x0000024506e40210
Event: 3.383 Thread 0x000002451df3eab0 flushing  nmethod 0x0000024506e6be90
Event: 3.383 Thread 0x000002451df3eab0 flushing  nmethod 0x0000024506e6d410
Event: 3.383 Thread 0x000002451df3eab0 flushing  nmethod 0x0000024506e6d990
Event: 3.383 Thread 0x000002451df3eab0 flushing  nmethod 0x0000024506e6de90
Event: 3.383 Thread 0x000002451df3eab0 flushing  nmethod 0x0000024506e6ee90
Event: 3.383 Thread 0x000002451df3eab0 flushing  nmethod 0x0000024506e71890
Event: 3.383 Thread 0x000002451df3eab0 flushing  nmethod 0x0000024506e80a10
Event: 3.383 Thread 0x000002451df3eab0 flushing  nmethod 0x0000024506e9af10
Event: 3.383 Thread 0x000002451df3eab0 flushing  nmethod 0x0000024506f1f890
Event: 3.383 Thread 0x000002451df3eab0 flushing  nmethod 0x0000024506f26d10

Events (20 events):
Event: 0.197 Thread 0x00000245230e0e50 Thread added: 0x00000245232e82d0
Event: 0.197 Thread 0x00000245230e0e50 Thread added: 0x00000245232f8b70
Event: 0.214 Loaded shared library C:\Program Files\Android\Android Studio\jbr\bin\zip.dll
Event: 0.257 Loaded shared library C:\Program Files\Android\Android Studio\jbr\bin\jimage.dll
Event: 0.482 Thread 0x00000245230f1900 Thread added: 0x00000245235c60f0
Event: 0.589 Thread 0x00000245232f8b70 Thread exited: 0x00000245232f8b70
Event: 1.016 Thread 0x00000245232e82d0 Thread exited: 0x00000245232e82d0
Event: 1.913 Thread 0x00000245230e0e50 Thread added: 0x00000245241b00c0
Event: 1.914 Thread 0x00000245230e0e50 Thread added: 0x00000245241b0b80
Event: 1.923 Thread 0x00000245241b0b80 Thread added: 0x0000024524259e50
Event: 2.725 Thread 0x0000024524259e50 Thread exited: 0x0000024524259e50
Event: 2.725 Thread 0x00000245241b0b80 Thread exited: 0x00000245241b0b80
Event: 3.076 Thread 0x00000245235c60f0 Thread added: 0x000002452422eca0
Event: 3.325 Thread 0x000002452422eca0 Thread exited: 0x000002452422eca0
Event: 3.325 Thread 0x00000245241b00c0 Thread exited: 0x00000245241b00c0
Event: 3.843 Thread 0x00000245230f1900 Thread added: 0x00000245255980b0
Event: 3.843 Thread 0x00000245230f1900 Thread added: 0x0000024525598760
Event: 4.118 Thread 0x0000024525598760 Thread exited: 0x0000024525598760
Event: 4.347 Thread 0x00000245255980b0 Thread exited: 0x00000245255980b0
Event: 4.460 Thread 0x000002451def19c0 Thread added: 0x0000024526b4b0b0


Dynamic libraries:
0x00007ff738270000 - 0x00007ff73827a000 	C:\Program Files\Android\Android Studio\jbr\bin\java.exe
0x00007ffd22ec0000 - 0x00007ffd23128000 	C:\WINDOWS\SYSTEM32\ntdll.dll
0x00007ffd21a80000 - 0x00007ffd21b49000 	C:\WINDOWS\System32\KERNEL32.DLL
0x00007ffd1f790000 - 0x00007ffd1fb81000 	C:\WINDOWS\System32\KERNELBASE.dll
0x00007ffd1fb90000 - 0x00007ffd1fcdb000 	C:\WINDOWS\System32\ucrtbase.dll
0x00007ffcc5d10000 - 0x00007ffcc5d28000 	C:\Program Files\Android\Android Studio\jbr\bin\jli.dll
0x00007ffd20f70000 - 0x00007ffd21135000 	C:\WINDOWS\System32\USER32.dll
0x00007ffd17050000 - 0x00007ffd1706b000 	C:\Program Files\Android\Android Studio\jbr\bin\VCRUNTIME140.dll
0x00007ffd20110000 - 0x00007ffd20137000 	C:\WINDOWS\System32\win32u.dll
0x00007ffcfee50000 - 0x00007ffcff0e3000 	C:\WINDOWS\WinSxS\amd64_microsoft.windows.common-controls_6595b64144ccf1df_6.0.26100.7670_none_3e0dcd8ce32f6bef\COMCTL32.dll
0x00007ffd21140000 - 0x00007ffd2116b000 	C:\WINDOWS\System32\GDI32.dll
0x00007ffd21780000 - 0x00007ffd21829000 	C:\WINDOWS\System32\msvcrt.dll
0x00007ffd20140000 - 0x00007ffd2026b000 	C:\WINDOWS\System32\gdi32full.dll
0x00007ffd1fe50000 - 0x00007ffd1fef3000 	C:\WINDOWS\System32\msvcp_win.dll
0x00007ffd21240000 - 0x00007ffd21271000 	C:\WINDOWS\System32\IMM32.DLL
0x00007ffd1ae70000 - 0x00007ffd1ae7c000 	C:\Program Files\Android\Android Studio\jbr\bin\vcruntime140_1.dll
0x00007ffc8b550000 - 0x00007ffc8b5dd000 	C:\Program Files\Android\Android Studio\jbr\bin\msvcp140.dll
0x00007ffc6a790000 - 0x00007ffc6b413000 	C:\Program Files\Android\Android Studio\jbr\bin\server\jvm.dll
0x00007ffd21830000 - 0x00007ffd218e4000 	C:\WINDOWS\System32\ADVAPI32.dll
0x00007ffd21190000 - 0x00007ffd21236000 	C:\WINDOWS\System32\sechost.dll
0x00007ffd22400000 - 0x00007ffd22518000 	C:\WINDOWS\System32\RPCRT4.dll
0x00007ffd21670000 - 0x00007ffd216e4000 	C:\WINDOWS\System32\WS2_32.dll
0x00007ffd16470000 - 0x00007ffd164a5000 	C:\WINDOWS\SYSTEM32\WINMM.dll
0x00007ffd16d20000 - 0x00007ffd16d2b000 	C:\WINDOWS\SYSTEM32\VERSION.dll
0x00007ffd1f610000 - 0x00007ffd1f66e000 	C:\WINDOWS\SYSTEM32\POWRPROF.dll
0x00007ffd1f5f0000 - 0x00007ffd1f604000 	C:\WINDOWS\SYSTEM32\UMPDC.dll
0x00007ffd1e530000 - 0x00007ffd1e54b000 	C:\WINDOWS\SYSTEM32\kernel.appcore.dll
0x00007ffd18be0000 - 0x00007ffd18bea000 	C:\Program Files\Android\Android Studio\jbr\bin\jimage.dll
0x00007ffd12cd0000 - 0x00007ffd12f12000 	C:\WINDOWS\SYSTEM32\DBGHELP.DLL
0x00007ffd21280000 - 0x00007ffd21604000 	C:\WINDOWS\System32\combase.dll
0x00007ffd20c50000 - 0x00007ffd20d27000 	C:\WINDOWS\System32\OLEAUT32.dll
0x00007ffccf5c0000 - 0x00007ffccf5fb000 	C:\WINDOWS\SYSTEM32\dbgcore.DLL
0x00007ffd20ae0000 - 0x00007ffd20b85000 	C:\WINDOWS\System32\bcryptPrimitives.dll
0x00007ffd16e20000 - 0x00007ffd16e40000 	C:\Program Files\Android\Android Studio\jbr\bin\java.dll
0x00007ffd109e0000 - 0x00007ffd109f8000 	C:\Program Files\Android\Android Studio\jbr\bin\zip.dll
0x00007ffd21bd0000 - 0x00007ffd2232e000 	C:\WINDOWS\System32\SHELL32.dll
0x00007ffd1fce0000 - 0x00007ffd1fe4a000 	C:\WINDOWS\System32\wintypes.dll
0x00007ffd20270000 - 0x00007ffd20ad7000 	C:\WINDOWS\System32\windows.storage.dll
0x00007ffd22d10000 - 0x00007ffd22e09000 	C:\WINDOWS\System32\SHCORE.dll
0x00007ffd22e10000 - 0x00007ffd22e77000 	C:\WINDOWS\System32\shlwapi.dll
0x00007ffd1f6b0000 - 0x00007ffd1f6d8000 	C:\WINDOWS\SYSTEM32\profapi.dll
0x00007ffd17410000 - 0x00007ffd17420000 	C:\Program Files\Android\Android Studio\jbr\bin\net.dll
0x00007ffd183d0000 - 0x00007ffd184f7000 	C:\WINDOWS\SYSTEM32\WINHTTP.dll
0x00007ffd1eaa0000 - 0x00007ffd1eb0b000 	C:\WINDOWS\system32\mswsock.dll
0x00007ffd109c0000 - 0x00007ffd109d6000 	C:\Program Files\Android\Android Studio\jbr\bin\nio.dll
0x00007ffd10220000 - 0x00007ffd10230000 	C:\Program Files\Android\Android Studio\jbr\bin\verify.dll

dbghelp: loaded successfully - version: 4.0.5 - missing functions: none
symbol engine: initialized successfully - sym options: 0x614 - pdb path: .;C:\Program Files\Android\Android Studio\jbr\bin;C:\WINDOWS\SYSTEM32;C:\WINDOWS\WinSxS\amd64_microsoft.windows.common-controls_6595b64144ccf1df_6.0.26100.7670_none_3e0dcd8ce32f6bef;C:\Program Files\Android\Android Studio\jbr\bin\server

VM Arguments:
java_command: org.jetbrains.kotlin.cli.jvm.K2JVMCompiler @D:\projects\Smart-Agri-Guard\mobile\build\device_info_plus\20260201_18302186291890434260.compiler.options
java_class_path (initial): C:\Users\ORZOm\.gradle\caches\modules-2\files-2.1\org.jetbrains.kotlin\kotlin-compiler-embeddable\2.1.0\988bf980588bbbcfa1ba19c1ffd7aa869b335a31\kotlin-compiler-embeddable-2.1.0.jar;C:\Users\ORZOm\.gradle\caches\modules-2\files-2.1\org.jetbrains.kotlin\kotlin-stdlib\2.1.0\85f8b81009cda5890e54ba67d64b5e599c645020\kotlin-stdlib-2.1.0.jar;C:\Users\ORZOm\.gradle\caches\modules-2\files-2.1\org.jetbrains.kotlin\kotlin-script-runtime\2.1.0\5909da8c57b75a117714ab0e348c86101b7a3284\kotlin-script-runtime-2.1.0.jar;C:\Users\ORZOm\.gradle\caches\modules-2\files-2.1\org.jetbrains.kotlin\kotlin-reflect\1.6.10\1cbe9c92c12a94eea200d23c2bbaedaf3daf5132\kotlin-reflect-1.6.10.jar;C:\Users\ORZOm\.gradle\caches\modules-2\files-2.1\org.jetbrains.kotlin\kotlin-daemon-embeddable\2.1.0\420bae1908e4a353f5b56c3c850d24d86367b25d\kotlin-daemon-embeddable-2.1.0.jar;C:\Users\ORZOm\.gradle\caches\modules-2\files-2.1\org.jetbrains.intellij.deps\trove4j\1.0.20200330\3afb14d5f9ceb459d724e907a21145e8ff394f02\trove4j-1.0.20200330.jar;C:\Users\ORZOm\.gradle\caches\modules-2\files-2.1\org.jetbrains.kotlinx\kotlinx-coroutines-core-jvm\1.6.4\2c997cd1c0ef33f3e751d3831929aeff1390cb30\kotlinx-coroutines-core-jvm-1.6.4.jar;C:\Users\ORZOm\.gradle\caches\modules-2\files-2.1\org.jetbrains\annotations\13.0\919f0dfe192fb4e063e7dacadee7f8bb9a2672a9\annotations-13.0.jar
Launcher Type: SUN_STANDARD

[Global flags]
     intx CICompilerCount                          = 12                                        {product} {ergonomic}
     uint ConcGCThreads                            = 3                                         {product} {ergonomic}
     uint G1ConcRefinementThreads                  = 13                                        {product} {ergonomic}
   size_t G1HeapRegionSize                         = 2097152                                   {product} {ergonomic}
    uintx GCDrainStackTargetSize                   = 64                                        {product} {ergonomic}
   size_t InitialHeapSize                          = 257949696                                 {product} {ergonomic}
   size_t MarkStackSize                            = 4194304                                   {product} {ergonomic}
   size_t MaxHeapSize                              = 4118806528                                {product} {ergonomic}
   size_t MaxNewSize                               = 2470445056                                {product} {ergonomic}
   size_t MinHeapDeltaBytes                        = 2097152                                   {product} {ergonomic}
   size_t MinHeapSize                              = 8388608                                   {product} {ergonomic}
    uintx NonNMethodCodeHeapSize                   = 7602480                                {pd product} {ergonomic}
    uintx NonProfiledCodeHeapSize                  = 122027880                              {pd product} {ergonomic}
    uintx ProfiledCodeHeapSize                     = 122027880                              {pd product} {ergonomic}
    uintx ReservedCodeCacheSize                    = 251658240                              {pd product} {ergonomic}
     bool SegmentedCodeCache                       = true                                      {product} {ergonomic}
   size_t SoftMaxHeapSize                          = 4118806528                             {manageable} {ergonomic}
     bool UseCompressedOops                        = true                           {product lp64_product} {ergonomic}
     bool UseG1GC                                  = true                                      {product} {ergonomic}
     bool UseLargePagesIndividualAllocation        = false                                  {pd product} {ergonomic}

Logging:
Log output configuration:
 #0: stdout all=warning uptime,level,tags foldmultilines=false
 #1: stderr all=off uptime,level,tags foldmultilines=false

Environment Variables:
JAVA_HOME=C:\Program Files\Android\Android Studio\jbr
CLASSPATH=D:\projects\Smart-Agri-Guard\mobile\android\\gradle\wrapper\gradle-wrapper.jar
PATH=C:\Program Files\Android\Android Studio\jbr\bin;C:\Program Files\PowerShell\7;C:\flutter\src\flutter\bin\;C:\Program Files\Java\jdk-17;C:\Program Files\Common Files\Oracle\Java\javapath;D:\app\ORZOm\product\21c\dbhomeXE\bin;C:\Program Files\Microsoft\jdk-11.0.16.101-hotspot\bin;C:\windows\system32;C:\windows;C:\windows\System32\Wbem;C:\windows\System32\WindowsPowerShell\v1.0\;C:\windows\System32\OpenSSH\;C:\Program Files (x86)\NVIDIA Corporation\PhysX\Common;C:\WINDOWS\system32;C:\WINDOWS;C:\WINDOWS\System32\Wbem;C:\WINDOWS\System32\WindowsPowerShell\v1.0\;C:\WINDOWS\System32\OpenSSH\;C:\msys64\mingw64\bin;C:\xampp\php;C:\ProgramData\ComposerSetup\bin;C:\xampp\php\windowsXamppPhp;C:\Program Files\Microsoft SQL Server\150\Tools\Binn\;C:\Program Files\HP\HP One Agent;C:\Users\ORZOm\.config\herd\bin\nvm;C:\Program Files\nodejs;C:\Program Files\NVIDIA Corporation\NVIDIA app\NvDLISR;C:\Program Files\dotnet\;C:\Program Files\playit_gg\bin\;C:\Program Files\Git\cmd;C:\Program Files\nodejs\;C:\Users\ORZOm\AppData\Local\Android\Sdk;C:\Users\ORZOm\AppData\Local\Android\Sdk\platform-tools;C:\Program Files\Microsoft SQL Server\Client SDK\ODBC\170\Tools\Binn\;C:\WINDOWS\system32;C:\WINDOWS;C:\WINDOWS\System32\Wbem;C:\WINDOWS\System32\WindowsPowerShell\v1.0\;C:\WINDOWS\System32\OpenSSH\;C:\Program Files (x86)\Microsoft SQL Server\160\Tools\Binn\;C:\Program Files\Microsoft SQL Server\160\Tools\Binn\;C:\Program Files\Microsoft SQL Server\160\DTS\Binn\;C:\Program Files (x86)\Microsoft SQL Server\160\DTS\Binn\;C:\Program Files\Tesseract-OCR;C:\Program Files (x86)\Windows Kits\10\Windows Performance Toolkit\;C:\Program Files\Erlang OTP\bin;C:\Program Files\RabbitMQ Server\rabbitmq_server-4.1.2\sbin;C:\Program Files\PowerShell\7\;C:\Program Files\Microsoft SQL Server\170\Tools\Binn\;C:\Users\ORZOm\AppData\Local\Programs\Python\Python313\Scripts\;C:\Users\ORZOm\AppData\Local\Programs\Python\Python313\;C:\Program Files\Java\jdk-17;C:\Users\ORZOm\.config\herd\bin;C:\Users\ORZOm\AppData\Local\Microsoft\WindowsApps;C:\Users\ORZOm\AppData\Local\Programs\Microsoft VS Code\bin;C:\Users\ORZOm\AppData\Roaming\Composer\vendor\bin;C:\xampp;C:\xampp\php\windowsXamppPhp;C:\Users\ORZOm\.dotnet\tools;C:\msys64\ucrt64\bin;C:\Users\ORZOm\AppData\Local\GitHubDesktop\bin;C:\flutter\src\flutter\bin;C:\Program Files\chocoportable\bin;C:\Users\ORZOm\AppData\Roaming\npm;C:\Users\ORZOm\AppData\Local\Android\Sdk;C:\Users\ORZOm\AppData\Local\Android\Sdk\platform-tools;C:\Users\ORZOm\AppData\Local\Android\Sdk\emulator;C:\Users\ORZOm\AppData\Local\Android\Sdk\tools;C:\Users\ORZOm\AppData\Local\Android\Sdk\tools\bin;C:\Users\ORZOm\AppData\Local\WhatsApp;C:\Program Files\Microsoft Visual Studio\2022\Professional\Common7\IDE;D:\Program Files\JetBrains\IntelliJ IDEA 2025.2.5\bin;C:\Users\ORZOm\AppData\Local\Pub\Cache\bin;D:\Antigravity\bin;C:\Users\ORZOm\AppData\Local\Microsoft\WinGet\Packages\BrechtSanders.WinLibs.POSIX.UCRT_Microsoft.Winget.Source_8wekyb3d8bbwe\mingw64\bin;C:\flutter\src\flutter\bin\mingit\cmd
USERNAME=ORZOm
LANG=en_US.UTF-8
OS=Windows_NT
PROCESSOR_IDENTIFIER=AMD64 Family 25 Model 80 Stepping 0, AuthenticAMD
TMP=C:\Users\ORZOm\AppData\Local\Temp
TEMP=C:\Users\ORZOm\AppData\Local\Temp




Periodic native trim disabled

JNI global refs:
JNI global refs: 16, weak refs: 5

JNI global refs memory usage: 835, weak refs: 833

Process memory usage:
Resident Set Size: 249380K (1% of 16086948K total physical memory with 767124K free physical memory)

OOME stack traces (most recent first):
Classloader memory used:
Loader jdk.internal.loader.ClassLoaders$AppClassLoader                                 : 40699K
Loader bootstrap                                                                       : 10260K

---------------  S Y S T E M  ---------------

OS:
 Windows 11 , 64 bit Build 26100 (10.0.26100.7670)
OS uptime: 0 days 10:17 hours
Hyper-V role detected

CPU: total 16 (initial active 16) (16 cores per cpu, 2 threads per core) family 25 model 80 stepping 0 microcode 0xa500014, cx8, cmov, fxsr, ht, mmx, 3dnowpref, sse, sse2, sse3, ssse3, sse4a, sse4.1, sse4.2, popcnt, lzcnt, tsc, tscinvbit, avx, avx2, aes, erms, clmul, bmi1, bmi2, adx, sha, fma, vzeroupper, clflush, clflushopt, hv, rdtscp, rdpid, fsrm, f16c, cet_ss
Processor Information for all 16 processors :
  Max Mhz: 3201, Current Mhz: 3201, Mhz Limit: 3201

Memory: 4k page, system-wide physical 15709M (750M free)
TotalPageFile size 37695M (AvailPageFile size 3M)
current process WorkingSet (physical memory assigned to process): 247M, peak: 247M
current process commit charge ("private bytes"): 339M, peak: 364M

vm_info: OpenJDK 64-Bit Server VM (21.0.4+-12508038-b607.1) for windows-amd64 JRE (21.0.4+-12508038-b607.1), built on 2024-10-16T17:23:34Z by "builder" with MS VC++ 16.10 / 16.11 (VS2019)

END.
