#
# There is insufficient memory for the Java Runtime Environment to continue.
# Native memory allocation (malloc) failed to allocate 1418736 bytes. Error detail: Chunk::new
# Possible reasons:
#   The system is out of physical RAM or swap space
#   This process is running with CompressedOops enabled, and the Java Heap may be blocking the growth of the native heap
# Possible solutions:
#   Reduce memory load on the system
#   Increase physical memory or swap space
#   Check if swap backing store is full
#   Decrease Java heap size (-Xmx/-Xms)
#   Decrease number of Java threads
#   Decrease Java thread stack sizes (-Xss)
#   Set larger code cache with -XX:ReservedCodeCacheSize=
#   JVM is running with Zero Based Compressed Oops mode in which the Java heap is
#     placed in the first 32GB address space. The Java Heap base address is the
#     maximum limit for the native heap growth. Please use -XX:HeapBaseMinAddress
#     to set the Java Heap base and to place the Java Heap above 32GB virtual address.
# This output file may be truncated or incomplete.
#
#  Out of Memory Error (arena.cpp:168), pid=15124, tid=31088
#
# JRE version: OpenJDK Runtime Environment (21.0.4) (build 21.0.4+-12508038-b607.1)
# Java VM: OpenJDK 64-Bit Server VM (21.0.4+-12508038-b607.1, mixed mode, tiered, compressed oops, compressed class ptrs, g1 gc, windows-amd64)
# No core dump will be written. Minidumps are not enabled by default on client versions of Windows
#

---------------  S U M M A R Y ------------

Command Line: org.jetbrains.kotlin.cli.jvm.K2JVMCompiler @D:\projects\Smart-Agri-Guard\mobile\build\external_path\20260201_17414136623614941342.compiler.options

Host: AMD Ryzen 7 5800H with Radeon Graphics         , 16 cores, 15G,  Windows 11 , 64 bit Build 26100 (10.0.26100.7670)
Time: Sun Feb  1 03:10:44 2026 Jordan Standard Time elapsed time: 5.490326 seconds (0d 0h 0m 5s)

---------------  T H R E A D  ---------------

Current thread (0x0000016f07b42cf0):  JavaThread "C2 CompilerThread1" daemon [_thread_in_native, id=31088, stack(0x000000409c300000,0x000000409c400000) (1024K)]


Current CompileTask:
C2:   5490 2877   !   4       jdk.internal.loader.BuiltinClassLoader::findClassOnClassPathOrNull (64 bytes)

Stack: [0x000000409c300000,0x000000409c400000]
Native frames: (J=compiled Java code, j=interpreted, Vv=VM code, C=native code)
V  [jvm.dll+0x6ce539]
V  [jvm.dll+0x85bf03]
V  [jvm.dll+0x85e45e]
V  [jvm.dll+0x85eb43]
V  [jvm.dll+0x27dd06]
V  [jvm.dll+0xbf9cd]
V  [jvm.dll+0xbff03]
V  [jvm.dll+0x3b4db1]
V  [jvm.dll+0x1de004]
V  [jvm.dll+0x247544]
V  [jvm.dll+0x2469c1]
V  [jvm.dll+0x1c58a4]
V  [jvm.dll+0x255fec]
V  [jvm.dll+0x254536]
V  [jvm.dll+0x3efab6]
V  [jvm.dll+0x804418]
V  [jvm.dll+0x6cce0d]
C  [ucrtbase.dll+0x37b0]
C  [KERNEL32.DLL+0x2e8d7]
C  [ntdll.dll+0x8c48c]


---------------  P R O C E S S  ---------------

Threads class SMR info:
_java_thread_list=0x0000016f078da210, length=16, elements={
0x0000016f5ec36170, 0x0000016f040a5910, 0x0000016f040a6ee0, 0x0000016f040a8150,
0x0000016f040a8bb0, 0x0000016f040b2690, 0x0000016f040b30f0, 0x0000016f0408e730,
0x0000016f040918c0, 0x0000016f7b54fb70, 0x0000016f042572f0, 0x0000016f04268ba0,
0x0000016f048cf6e0, 0x0000016f048cfd90, 0x0000016f07b42cf0, 0x0000016f059090e0
}

Java Threads: ( => current thread )
  0x0000016f5ec36170 JavaThread "main"                              [_thread_in_Java, id=37360, stack(0x000000409a000000,0x000000409a100000) (1024K)]
  0x0000016f040a5910 JavaThread "Reference Handler"          daemon [_thread_blocked, id=39452, stack(0x000000409a800000,0x000000409a900000) (1024K)]
  0x0000016f040a6ee0 JavaThread "Finalizer"                  daemon [_thread_blocked, id=39492, stack(0x000000409a900000,0x000000409aa00000) (1024K)]
  0x0000016f040a8150 JavaThread "Signal Dispatcher"          daemon [_thread_blocked, id=43580, stack(0x000000409aa00000,0x000000409ab00000) (1024K)]
  0x0000016f040a8bb0 JavaThread "Attach Listener"            daemon [_thread_blocked, id=30272, stack(0x000000409ab00000,0x000000409ac00000) (1024K)]
  0x0000016f040b2690 JavaThread "Service Thread"             daemon [_thread_blocked, id=42760, stack(0x000000409ac00000,0x000000409ad00000) (1024K)]
  0x0000016f040b30f0 JavaThread "Monitor Deflation Thread"   daemon [_thread_blocked, id=35188, stack(0x000000409ad00000,0x000000409ae00000) (1024K)]
  0x0000016f0408e730 JavaThread "C2 CompilerThread0"         daemon [_thread_blocked, id=11776, stack(0x000000409ae00000,0x000000409af00000) (1024K)]
  0x0000016f040918c0 JavaThread "C1 CompilerThread0"         daemon [_thread_blocked, id=14396, stack(0x000000409af00000,0x000000409b000000) (1024K)]
  0x0000016f7b54fb70 JavaThread "C1 CompilerThread1"         daemon [_thread_blocked, id=36268, stack(0x000000409b000000,0x000000409b100000) (1024K)]
  0x0000016f042572f0 JavaThread "Notification Thread"        daemon [_thread_blocked, id=4996, stack(0x000000409b100000,0x000000409b200000) (1024K)]
  0x0000016f04268ba0 JavaThread "Common-Cleaner"             daemon [_thread_blocked, id=40392, stack(0x000000409b200000,0x000000409b300000) (1024K)]
  0x0000016f048cf6e0 JavaThread "C1 CompilerThread2"         daemon [_thread_blocked, id=38240, stack(0x000000409b500000,0x000000409b600000) (1024K)]
  0x0000016f048cfd90 JavaThread "C1 CompilerThread3"         daemon [_thread_blocked, id=41448, stack(0x000000409b600000,0x000000409b700000) (1024K)]
=>0x0000016f07b42cf0 JavaThread "C2 CompilerThread1"         daemon [_thread_in_native, id=31088, stack(0x000000409c300000,0x000000409c400000) (1024K)]
  0x0000016f059090e0 JavaThread "C2 CompilerThread2"         daemon [_thread_blocked, id=10504, stack(0x000000409c400000,0x000000409c500000) (1024K)]
Total: 16

Other Threads:
  0x0000016f7b5acb80 VMThread "VM Thread"                           [id=40196, stack(0x000000409a700000,0x000000409a800000) (1024K)]
  0x0000016f7b54f1f0 WatcherThread "VM Periodic Task Thread"        [id=28820, stack(0x000000409a600000,0x000000409a700000) (1024K)]
  0x0000016f5f186420 WorkerThread "GC Thread#0"                     [id=40796, stack(0x000000409a100000,0x000000409a200000) (1024K)]
  0x0000016f04aaf610 WorkerThread "GC Thread#1"                     [id=39644, stack(0x000000409b700000,0x000000409b800000) (1024K)]
  0x0000016f04aa6b70 WorkerThread "GC Thread#2"                     [id=31532, stack(0x000000409b800000,0x000000409b900000) (1024K)]
  0x0000016f04aa6f10 WorkerThread "GC Thread#3"                     [id=42992, stack(0x000000409b900000,0x000000409ba00000) (1024K)]
  0x0000016f04aa72b0 WorkerThread "GC Thread#4"                     [id=15092, stack(0x000000409ba00000,0x000000409bb00000) (1024K)]
  0x0000016f04c57e10 WorkerThread "GC Thread#5"                     [id=23264, stack(0x000000409b300000,0x000000409b400000) (1024K)]
  0x0000016f04c57a70 WorkerThread "GC Thread#6"                     [id=35348, stack(0x000000409b400000,0x000000409b500000) (1024K)]
  0x0000016f04c581b0 WorkerThread "GC Thread#7"                     [id=42088, stack(0x000000409bb00000,0x000000409bc00000) (1024K)]
  0x0000016f060cb760 WorkerThread "GC Thread#8"                     [id=33224, stack(0x000000409c100000,0x000000409c200000) (1024K)]
  0x0000016f060cbb00 WorkerThread "GC Thread#9"                     [id=33888, stack(0x000000409c200000,0x000000409c300000) (1024K)]
  0x0000016f060cc240 WorkerThread "GC Thread#10"                    [id=38016, stack(0x000000409bf00000,0x000000409c000000) (1024K)]
  0x0000016f060cbea0 WorkerThread "GC Thread#11"                    [id=39204, stack(0x000000409c000000,0x000000409c100000) (1024K)]
  0x0000016f05a1bb20 WorkerThread "GC Thread#12"                    [id=23652, stack(0x000000409be00000,0x000000409bf00000) (1024K)]
  0x0000016f5f1977c0 ConcurrentGCThread "G1 Main Marker"            [id=17384, stack(0x000000409a200000,0x000000409a300000) (1024K)]
  0x0000016f5f19a970 WorkerThread "G1 Conc#0"                       [id=43432, stack(0x000000409a300000,0x000000409a400000) (1024K)]
  0x0000016f04c58550 WorkerThread "G1 Conc#1"                       [id=27924, stack(0x000000409bc00000,0x000000409bd00000) (1024K)]
  0x0000016f04c588f0 WorkerThread "G1 Conc#2"                       [id=39568, stack(0x000000409bd00000,0x000000409be00000) (1024K)]
  0x0000016f7b41beb0 ConcurrentGCThread "G1 Refine#0"               [id=30344, stack(0x000000409a400000,0x000000409a500000) (1024K)]
  0x0000016f7b41c830 ConcurrentGCThread "G1 Service"                [id=4352, stack(0x000000409a500000,0x000000409a600000) (1024K)]
Total: 21

Threads with active compile tasks:
C2 CompilerThread1     5524 2877   !   4       jdk.internal.loader.BuiltinClassLoader::findClassOnClassPathOrNull (64 bytes)
Total: 1

VM state: not at safepoint (normal execution)

VM Mutex/Monitor currently owned by a thread: None

Heap address: 0x000000070a800000, size: 3928 MB, Compressed Oops mode: Zero based, Oop shift amount: 3

CDS archive(s) not mapped
Compressed class space mapped at: 0x0000000800000000-0x0000000840000000, reserved size: 1073741824
Narrow klass base: 0x0000000800000000, Narrow klass shift: 0, Narrow klass range: 0x40000000

GC Precious Log:
 CardTable entry size: 512
 Card Set container configuration: InlinePtr #cards 4 size 8 Array Of Cards #cards 16 size 48 Howl #buckets 8 coarsen threshold 3686 Howl Bitmap #cards 512 size 80 coarsen threshold 460 Card regions per heap region 1 cards per card region 4096
 CPUs: 16 total, 16 available
 Memory: 15709M
 Large Page Support: Disabled
 NUMA Support: Disabled
 Compressed Oops: Enabled (Zero based)
 Heap Region Size: 2M
 Heap Min Capacity: 8M
 Heap Initial Capacity: 246M
 Heap Max Capacity: 3928M
 Pre-touch: Disabled
 Parallel Workers: 13
 Concurrent Workers: 3
 Concurrent Refinement Workers: 13
 Periodic GC: Disabled

Heap:
 garbage-first heap   total 149504K, used 85728K [0x000000070a800000, 0x0000000800000000)
  region size 2048K, 36 young (73728K), 1 survivors (2048K)
 Metaspace       used 50819K, committed 51072K, reserved 1114112K
  class space    used 5844K, committed 5952K, reserved 1048576K

Heap Regions: E=young(eden), S=young(survivor), O=old, HS=humongous(starts), HC=humongous(continues), CS=collection set, F=free, TAMS=top-at-mark-start, PB=parsable bottom
|   0|0x000000070a800000, 0x000000070aa00000, 0x000000070aa00000|100%|HS|  |TAMS 0x000000070a800000| PB 0x000000070a800000| Complete 
|   1|0x000000070aa00000, 0x000000070ac00000, 0x000000070ac00000|100%|HC|  |TAMS 0x000000070aa00000| PB 0x000000070aa00000| Complete 
|   2|0x000000070ac00000, 0x000000070ae00000, 0x000000070ae00000|100%| O|  |TAMS 0x000000070ac00000| PB 0x000000070ac00000| Untracked 
|   3|0x000000070ae00000, 0x000000070b000000, 0x000000070b000000|100%| O|  |TAMS 0x000000070ae00000| PB 0x000000070ae00000| Untracked 
|   4|0x000000070b000000, 0x000000070b200000, 0x000000070b200000|100%| O|  |TAMS 0x000000070b000000| PB 0x000000070b000000| Untracked 
|   5|0x000000070b200000, 0x000000070b400000, 0x000000070b400000|100%| O|  |TAMS 0x000000070b200000| PB 0x000000070b200000| Untracked 
|   6|0x000000070b400000, 0x000000070b600000, 0x000000070b600000|100%| O|  |TAMS 0x000000070b400000| PB 0x000000070b400000| Untracked 
|   7|0x000000070b600000, 0x000000070b800000, 0x000000070b800000|100%| O|  |TAMS 0x000000070b600000| PB 0x000000070b600000| Untracked 
|   8|0x000000070b800000, 0x000000070b8a60e0, 0x000000070ba00000| 32%| O|  |TAMS 0x000000070b800000| PB 0x000000070b800000| Untracked 
|   9|0x000000070ba00000, 0x000000070ba00000, 0x000000070bc00000|  0%| F|  |TAMS 0x000000070ba00000| PB 0x000000070ba00000| Untracked 
|  10|0x000000070bc00000, 0x000000070bc00000, 0x000000070be00000|  0%| F|  |TAMS 0x000000070bc00000| PB 0x000000070bc00000| Untracked 
|  11|0x000000070be00000, 0x000000070bf12250, 0x000000070c000000| 53%| S|CS|TAMS 0x000000070be00000| PB 0x000000070be00000| Complete 
|  12|0x000000070c000000, 0x000000070c000000, 0x000000070c200000|  0%| F|  |TAMS 0x000000070c000000| PB 0x000000070c000000| Untracked 
|  13|0x000000070c200000, 0x000000070c200000, 0x000000070c400000|  0%| F|  |TAMS 0x000000070c200000| PB 0x000000070c200000| Untracked 
|  14|0x000000070c400000, 0x000000070c400000, 0x000000070c600000|  0%| F|  |TAMS 0x000000070c400000| PB 0x000000070c400000| Untracked 
|  15|0x000000070c600000, 0x000000070c600000, 0x000000070c800000|  0%| F|  |TAMS 0x000000070c600000| PB 0x000000070c600000| Untracked 
|  16|0x000000070c800000, 0x000000070c800000, 0x000000070ca00000|  0%| F|  |TAMS 0x000000070c800000| PB 0x000000070c800000| Untracked 
|  17|0x000000070ca00000, 0x000000070ca00000, 0x000000070cc00000|  0%| F|  |TAMS 0x000000070ca00000| PB 0x000000070ca00000| Untracked 
|  18|0x000000070cc00000, 0x000000070cc00000, 0x000000070ce00000|  0%| F|  |TAMS 0x000000070cc00000| PB 0x000000070cc00000| Untracked 
|  19|0x000000070ce00000, 0x000000070ce00000, 0x000000070d000000|  0%| F|  |TAMS 0x000000070ce00000| PB 0x000000070ce00000| Untracked 
|  20|0x000000070d000000, 0x000000070d000000, 0x000000070d200000|  0%| F|  |TAMS 0x000000070d000000| PB 0x000000070d000000| Untracked 
|  21|0x000000070d200000, 0x000000070d200000, 0x000000070d400000|  0%| F|  |TAMS 0x000000070d200000| PB 0x000000070d200000| Untracked 
|  22|0x000000070d400000, 0x000000070d400000, 0x000000070d600000|  0%| F|  |TAMS 0x000000070d400000| PB 0x000000070d400000| Untracked 
|  23|0x000000070d600000, 0x000000070d600000, 0x000000070d800000|  0%| F|  |TAMS 0x000000070d600000| PB 0x000000070d600000| Untracked 
|  24|0x000000070d800000, 0x000000070d800000, 0x000000070da00000|  0%| F|  |TAMS 0x000000070d800000| PB 0x000000070d800000| Untracked 
|  25|0x000000070da00000, 0x000000070da00000, 0x000000070dc00000|  0%| F|  |TAMS 0x000000070da00000| PB 0x000000070da00000| Untracked 
|  26|0x000000070dc00000, 0x000000070dc00000, 0x000000070de00000|  0%| F|  |TAMS 0x000000070dc00000| PB 0x000000070dc00000| Untracked 
|  27|0x000000070de00000, 0x000000070de00000, 0x000000070e000000|  0%| F|  |TAMS 0x000000070de00000| PB 0x000000070de00000| Untracked 
|  28|0x000000070e000000, 0x000000070e000000, 0x000000070e200000|  0%| F|  |TAMS 0x000000070e000000| PB 0x000000070e000000| Untracked 
|  29|0x000000070e200000, 0x000000070e200000, 0x000000070e400000|  0%| F|  |TAMS 0x000000070e200000| PB 0x000000070e200000| Untracked 
|  30|0x000000070e400000, 0x000000070e400000, 0x000000070e600000|  0%| F|  |TAMS 0x000000070e400000| PB 0x000000070e400000| Untracked 
|  31|0x000000070e600000, 0x000000070e600000, 0x000000070e800000|  0%| F|  |TAMS 0x000000070e600000| PB 0x000000070e600000| Untracked 
|  32|0x000000070e800000, 0x000000070e800000, 0x000000070ea00000|  0%| F|  |TAMS 0x000000070e800000| PB 0x000000070e800000| Untracked 
|  33|0x000000070ea00000, 0x000000070ea00000, 0x000000070ec00000|  0%| F|  |TAMS 0x000000070ea00000| PB 0x000000070ea00000| Untracked 
|  34|0x000000070ec00000, 0x000000070ec00000, 0x000000070ee00000|  0%| F|  |TAMS 0x000000070ec00000| PB 0x000000070ec00000| Untracked 
|  35|0x000000070ee00000, 0x000000070ee00000, 0x000000070f000000|  0%| F|  |TAMS 0x000000070ee00000| PB 0x000000070ee00000| Untracked 
|  36|0x000000070f000000, 0x000000070f000000, 0x000000070f200000|  0%| F|  |TAMS 0x000000070f000000| PB 0x000000070f000000| Untracked 
|  37|0x000000070f200000, 0x000000070f200000, 0x000000070f400000|  0%| F|  |TAMS 0x000000070f200000| PB 0x000000070f200000| Untracked 
|  38|0x000000070f400000, 0x000000070f459b18, 0x000000070f600000| 17%| E|  |TAMS 0x000000070f400000| PB 0x000000070f400000| Complete 
|  39|0x000000070f600000, 0x000000070f800000, 0x000000070f800000|100%| E|CS|TAMS 0x000000070f600000| PB 0x000000070f600000| Complete 
|  40|0x000000070f800000, 0x000000070fa00000, 0x000000070fa00000|100%| E|CS|TAMS 0x000000070f800000| PB 0x000000070f800000| Complete 
|  41|0x000000070fa00000, 0x000000070fc00000, 0x000000070fc00000|100%| E|CS|TAMS 0x000000070fa00000| PB 0x000000070fa00000| Complete 
|  42|0x000000070fc00000, 0x000000070fe00000, 0x000000070fe00000|100%| E|CS|TAMS 0x000000070fc00000| PB 0x000000070fc00000| Complete 
|  43|0x000000070fe00000, 0x0000000710000000, 0x0000000710000000|100%| E|CS|TAMS 0x000000070fe00000| PB 0x000000070fe00000| Complete 
|  44|0x0000000710000000, 0x0000000710200000, 0x0000000710200000|100%| E|CS|TAMS 0x0000000710000000| PB 0x0000000710000000| Complete 
|  45|0x0000000710200000, 0x0000000710400000, 0x0000000710400000|100%| E|CS|TAMS 0x0000000710200000| PB 0x0000000710200000| Complete 
|  46|0x0000000710400000, 0x0000000710600000, 0x0000000710600000|100%| E|CS|TAMS 0x0000000710400000| PB 0x0000000710400000| Complete 
|  47|0x0000000710600000, 0x0000000710800000, 0x0000000710800000|100%| E|CS|TAMS 0x0000000710600000| PB 0x0000000710600000| Complete 
|  48|0x0000000710800000, 0x0000000710a00000, 0x0000000710a00000|100%| E|CS|TAMS 0x0000000710800000| PB 0x0000000710800000| Complete 
|  49|0x0000000710a00000, 0x0000000710c00000, 0x0000000710c00000|100%| E|CS|TAMS 0x0000000710a00000| PB 0x0000000710a00000| Complete 
|  50|0x0000000710c00000, 0x0000000710e00000, 0x0000000710e00000|100%| E|CS|TAMS 0x0000000710c00000| PB 0x0000000710c00000| Complete 
|  51|0x0000000710e00000, 0x0000000711000000, 0x0000000711000000|100%| E|CS|TAMS 0x0000000710e00000| PB 0x0000000710e00000| Complete 
|  52|0x0000000711000000, 0x0000000711200000, 0x0000000711200000|100%| E|CS|TAMS 0x0000000711000000| PB 0x0000000711000000| Complete 
|  53|0x0000000711200000, 0x0000000711400000, 0x0000000711400000|100%| E|CS|TAMS 0x0000000711200000| PB 0x0000000711200000| Complete 
|  54|0x0000000711400000, 0x0000000711600000, 0x0000000711600000|100%| E|CS|TAMS 0x0000000711400000| PB 0x0000000711400000| Complete 
|  55|0x0000000711600000, 0x0000000711800000, 0x0000000711800000|100%| E|CS|TAMS 0x0000000711600000| PB 0x0000000711600000| Complete 
|  56|0x0000000711800000, 0x0000000711a00000, 0x0000000711a00000|100%| E|CS|TAMS 0x0000000711800000| PB 0x0000000711800000| Complete 
|  57|0x0000000711a00000, 0x0000000711c00000, 0x0000000711c00000|100%| E|CS|TAMS 0x0000000711a00000| PB 0x0000000711a00000| Complete 
|  58|0x0000000711c00000, 0x0000000711e00000, 0x0000000711e00000|100%| E|CS|TAMS 0x0000000711c00000| PB 0x0000000711c00000| Complete 
|  59|0x0000000711e00000, 0x0000000712000000, 0x0000000712000000|100%| E|CS|TAMS 0x0000000711e00000| PB 0x0000000711e00000| Complete 
|  60|0x0000000712000000, 0x0000000712200000, 0x0000000712200000|100%| E|CS|TAMS 0x0000000712000000| PB 0x0000000712000000| Complete 
|  61|0x0000000712200000, 0x0000000712400000, 0x0000000712400000|100%| E|CS|TAMS 0x0000000712200000| PB 0x0000000712200000| Complete 
|  62|0x0000000712400000, 0x0000000712600000, 0x0000000712600000|100%| E|CS|TAMS 0x0000000712400000| PB 0x0000000712400000| Complete 
|  63|0x0000000712600000, 0x0000000712800000, 0x0000000712800000|100%| E|CS|TAMS 0x0000000712600000| PB 0x0000000712600000| Complete 
|  64|0x0000000712800000, 0x0000000712a00000, 0x0000000712a00000|100%| E|CS|TAMS 0x0000000712800000| PB 0x0000000712800000| Complete 
|  65|0x0000000712a00000, 0x0000000712c00000, 0x0000000712c00000|100%| E|CS|TAMS 0x0000000712a00000| PB 0x0000000712a00000| Complete 
|  66|0x0000000712c00000, 0x0000000712e00000, 0x0000000712e00000|100%| E|CS|TAMS 0x0000000712c00000| PB 0x0000000712c00000| Complete 
|  67|0x0000000712e00000, 0x0000000713000000, 0x0000000713000000|100%| E|  |TAMS 0x0000000712e00000| PB 0x0000000712e00000| Complete 
|  68|0x0000000713000000, 0x0000000713200000, 0x0000000713200000|100%| E|CS|TAMS 0x0000000713000000| PB 0x0000000713000000| Complete 
| 104|0x0000000717800000, 0x0000000717a00000, 0x0000000717a00000|100%| E|CS|TAMS 0x0000000717800000| PB 0x0000000717800000| Complete 
| 105|0x0000000717a00000, 0x0000000717c00000, 0x0000000717c00000|100%| E|CS|TAMS 0x0000000717a00000| PB 0x0000000717a00000| Complete 
| 106|0x0000000717c00000, 0x0000000717e00000, 0x0000000717e00000|100%| E|CS|TAMS 0x0000000717c00000| PB 0x0000000717c00000| Complete 
| 122|0x0000000719c00000, 0x0000000719e00000, 0x0000000719e00000|100%| E|CS|TAMS 0x0000000719c00000| PB 0x0000000719c00000| Complete 

Card table byte_map: [0x0000016f73ff0000,0x0000016f747a0000] _byte_map_base: 0x0000016f7079c000

Marking Bits: (CMBitMap*) 0x0000016f5f186b20
 Bits: [0x0000016f747a0000, 0x0000016f78500000)

Polling page: 0x0000016f5eeb0000

Metaspace:

Usage:
  Non-class:     43.92 MB used.
      Class:      5.71 MB used.
       Both:     49.63 MB used.

Virtual space:
  Non-class space:       64.00 MB reserved,      44.06 MB ( 69%) committed,  1 nodes.
      Class space:        1.00 GB reserved,       5.81 MB ( <1%) committed,  1 nodes.
             Both:        1.06 GB reserved,      49.88 MB (  5%) committed. 

Chunk freelists:
   Non-Class:  3.33 MB
       Class:  10.10 MB
        Both:  13.43 MB

MaxMetaspaceSize: unlimited
CompressedClassSpaceSize: 1.00 GB
Initial GC threshold: 21.00 MB
Current GC threshold: 59.06 MB
CDS: off
 - commit_granule_bytes: 65536.
 - commit_granule_words: 8192.
 - virtual_space_node_default_size: 8388608.
 - enlarge_chunks_in_place: 1.
 - use_allocation_guard: 0.


Internal statistics:

num_allocs_failed_limit: 6.
num_arena_births: 268.
num_arena_deaths: 0.
num_vsnodes_births: 2.
num_vsnodes_deaths: 0.
num_space_committed: 798.
num_space_uncommitted: 0.
num_chunks_returned_to_freelist: 6.
num_chunks_taken_from_freelist: 1758.
num_chunk_merges: 6.
num_chunk_splits: 1447.
num_chunks_enlarged: 1316.
num_inconsistent_stats: 0.

CodeHeap 'non-profiled nmethods': size=119168Kb used=1425Kb max_used=1425Kb free=117742Kb
 bounds [0x0000016f6b410000, 0x0000016f6b680000, 0x0000016f72870000]
CodeHeap 'profiled nmethods': size=119104Kb used=6171Kb max_used=6171Kb free=112932Kb
 bounds [0x0000016f63870000, 0x0000016f63e80000, 0x0000016f6acc0000]
CodeHeap 'non-nmethods': size=7488Kb used=3260Kb max_used=3300Kb free=4227Kb
 bounds [0x0000016f6acc0000, 0x0000016f6b000000, 0x0000016f6b410000]
 total_blobs=3628 nmethods=2987 adapters=542
 compilation: enabled
              stopped_count=0, restarted_count=0
 full_count=0

Compilation events (20 events):
Event: 5.446 Thread 0x0000016f048cfd90 nmethod 3078 0x0000016f63e6c810 code [0x0000016f63e6c9c0, 0x0000016f63e6cc40]
Event: 5.446 Thread 0x0000016f048cf6e0 3080       3       org.jetbrains.kotlin.fir.symbols.FirBasedSymbol::bind (12 bytes)
Event: 5.446 Thread 0x0000016f7b54fb70 nmethod 3079 0x0000016f63e6cd90 code [0x0000016f63e6cf40, 0x0000016f63e6d168]
Event: 5.446 Thread 0x0000016f048cf6e0 nmethod 3080 0x0000016f63e6d290 code [0x0000016f63e6d4a0, 0x0000016f63e6dab8]
Event: 5.447 Thread 0x0000016f048cf6e0 3081       3       org.jetbrains.kotlin.fir.declarations.FirResolveStateKt::asResolveState (14 bytes)
Event: 5.447 Thread 0x0000016f040918c0 3082       3       org.jetbrains.kotlin.fir.declarations.FirResolvedToPhaseState$Companion::invoke (22 bytes)
Event: 5.447 Thread 0x0000016f7b54fb70 3083       3       org.jetbrains.kotlin.fir.declarations.FirResolvedToPhaseState::access$getPhases$cp (4 bytes)
Event: 5.447 Thread 0x0000016f048cfd90 3084       3       org.jetbrains.kotlin.fir.FirElementWithResolveState::setResolveState (12 bytes)
Event: 5.447 Thread 0x0000016f7b54fb70 nmethod 3083 0x0000016f63e6dd10 code [0x0000016f63e6dea0, 0x0000016f63e6df98]
Event: 5.447 Thread 0x0000016f048cfd90 nmethod 3084 0x0000016f63e6e010 code [0x0000016f63e6e220, 0x0000016f63e6e840]
Event: 5.447 Thread 0x0000016f040918c0 nmethod 3082 0x0000016f63e6ea90 code [0x0000016f63e6ece0, 0x0000016f63e6f698]
Event: 5.448 Thread 0x0000016f048cf6e0 nmethod 3081 0x0000016f63e6fa90 code [0x0000016f63e6fd60, 0x0000016f63e70bd8]
Event: 5.454 Thread 0x0000016f0408e730 nmethod 3075 0x0000016f6b567490 code [0x0000016f6b5676c0, 0x0000016f6b568098]
Event: 5.454 Thread 0x0000016f0408e730 3074       4       java.util.HashMap::put (13 bytes)
Event: 5.466 Thread 0x0000016f0408e730 nmethod 3074 0x0000016f6b568690 code [0x0000016f6b5688c0, 0x0000016f6b569298]
Event: 5.466 Thread 0x0000016f0408e730 3076       4       java.util.HashMap::get (19 bytes)
Event: 5.470 Thread 0x0000016f0408e730 nmethod 3076 0x0000016f6b569910 code [0x0000016f6b569ac0, 0x0000016f6b569dd0]
Event: 5.470 Thread 0x0000016f0408e730 3073       4       java.util.LinkedHashMap::get (29 bytes)
Event: 5.473 Thread 0x0000016f0408e730 nmethod 3073 0x0000016f6b56a010 code [0x0000016f6b56a1c0, 0x0000016f6b56a510]
Event: 5.473 Thread 0x0000016f0408e730 3085       4       java.lang.ClassLoader::postDefineClass (39 bytes)

GC Heap History (14 events):
Event: 0.900 GC heap before
{Heap before GC invocations=0 (full 0):
 garbage-first heap   total 251904K, used 24576K [0x000000070a800000, 0x0000000800000000)
  region size 2048K, 11 young (22528K), 0 survivors (0K)
 Metaspace       used 13147K, committed 13312K, reserved 1114112K
  class space    used 1181K, committed 1280K, reserved 1048576K
}
Event: 0.904 GC heap after
{Heap after GC invocations=1 (full 0):
 garbage-first heap   total 251904K, used 7119K [0x000000070a800000, 0x0000000800000000)
  region size 2048K, 2 young (4096K), 2 survivors (4096K)
 Metaspace       used 13147K, committed 13312K, reserved 1114112K
  class space    used 1181K, committed 1280K, reserved 1048576K
}
Event: 1.490 GC heap before
{Heap before GC invocations=1 (full 0):
 garbage-first heap   total 251904K, used 31695K [0x000000070a800000, 0x0000000800000000)
  region size 2048K, 16 young (32768K), 2 survivors (4096K)
 Metaspace       used 21341K, committed 21504K, reserved 1114112K
  class space    used 2172K, committed 2240K, reserved 1048576K
}
Event: 1.495 GC heap after
{Heap after GC invocations=2 (full 0):
 garbage-first heap   total 251904K, used 8580K [0x000000070a800000, 0x0000000800000000)
  region size 2048K, 3 young (6144K), 3 survivors (6144K)
 Metaspace       used 21341K, committed 21504K, reserved 1114112K
  class space    used 2172K, committed 2240K, reserved 1048576K
}
Event: 2.164 GC heap before
{Heap before GC invocations=3 (full 0):
 garbage-first heap   total 34816K, used 33156K [0x000000070a800000, 0x0000000800000000)
  region size 2048K, 15 young (30720K), 3 survivors (6144K)
 Metaspace       used 25799K, committed 26112K, reserved 1114112K
  class space    used 2734K, committed 2880K, reserved 1048576K
}
Event: 2.177 GC heap after
{Heap after GC invocations=4 (full 0):
 garbage-first heap   total 45056K, used 14211K [0x000000070a800000, 0x0000000800000000)
  region size 2048K, 5 young (10240K), 5 survivors (10240K)
 Metaspace       used 25799K, committed 26112K, reserved 1114112K
  class space    used 2734K, committed 2880K, reserved 1048576K
}
Event: 2.570 GC heap before
{Heap before GC invocations=4 (full 0):
 garbage-first heap   total 45056K, used 30595K [0x000000070a800000, 0x0000000800000000)
  region size 2048K, 13 young (26624K), 5 survivors (10240K)
 Metaspace       used 30131K, committed 30400K, reserved 1114112K
  class space    used 3305K, committed 3392K, reserved 1048576K
}
Event: 2.582 GC heap after
{Heap after GC invocations=5 (full 0):
 garbage-first heap   total 45056K, used 15021K [0x000000070a800000, 0x0000000800000000)
  region size 2048K, 1 young (2048K), 1 survivors (2048K)
 Metaspace       used 30131K, committed 30400K, reserved 1114112K
  class space    used 3305K, committed 3392K, reserved 1048576K
}
Event: 3.196 GC heap before
{Heap before GC invocations=5 (full 0):
 garbage-first heap   total 45056K, used 31405K [0x000000070a800000, 0x0000000800000000)
  region size 2048K, 10 young (20480K), 1 survivors (2048K)
 Metaspace       used 34548K, committed 34816K, reserved 1114112K
  class space    used 4148K, committed 4224K, reserved 1048576K
}
Event: 3.203 GC heap after
{Heap after GC invocations=6 (full 0):
 garbage-first heap   total 45056K, used 16749K [0x000000070a800000, 0x0000000800000000)
  region size 2048K, 2 young (4096K), 2 survivors (4096K)
 Metaspace       used 34548K, committed 34816K, reserved 1114112K
  class space    used 4148K, committed 4224K, reserved 1048576K
}
Event: 3.352 GC heap before
{Heap before GC invocations=6 (full 0):
 garbage-first heap   total 45056K, used 22893K [0x000000070a800000, 0x0000000800000000)
  region size 2048K, 6 young (12288K), 2 survivors (4096K)
 Metaspace       used 35877K, committed 36096K, reserved 1114112K
  class space    used 4268K, committed 4352K, reserved 1048576K
}
Event: 3.357 GC heap after
{Heap after GC invocations=7 (full 0):
 garbage-first heap   total 45056K, used 17604K [0x000000070a800000, 0x0000000800000000)
  region size 2048K, 1 young (2048K), 1 survivors (2048K)
 Metaspace       used 35877K, committed 36096K, reserved 1114112K
  class space    used 4268K, committed 4352K, reserved 1048576K
}
Event: 3.908 GC heap before
{Heap before GC invocations=8 (full 0):
 garbage-first heap   total 45056K, used 33988K [0x000000070a800000, 0x0000000800000000)
  region size 2048K, 10 young (20480K), 1 survivors (2048K)
 Metaspace       used 40912K, committed 41216K, reserved 1114112K
  class space    used 4806K, committed 4928K, reserved 1048576K
}
Event: 3.912 GC heap after
{Heap after GC invocations=9 (full 0):
 garbage-first heap   total 149504K, used 18144K [0x000000070a800000, 0x0000000800000000)
  region size 2048K, 1 young (2048K), 1 survivors (2048K)
 Metaspace       used 40912K, committed 41216K, reserved 1114112K
  class space    used 4806K, committed 4928K, reserved 1048576K
}

Dll operation events (3 events):
Event: 0.018 Loaded shared library C:\Program Files\Android\Android Studio\jbr\bin\java.dll
Event: 0.028 Loaded shared library C:\Program Files\Android\Android Studio\jbr\bin\zip.dll
Event: 2.079 Loaded shared library C:\Program Files\Android\Android Studio\jbr\bin\verify.dll

Deoptimization events (20 events):
Event: 5.303 Thread 0x0000016f5ec36170 Uncommon trap: trap_request=0xffffff45 fr.pc=0x0000016f6b50d998 relative=0x0000000000001598
Event: 5.303 Thread 0x0000016f5ec36170 Uncommon trap: reason=unstable_if action=reinterpret pc=0x0000016f6b50d998 method=java.util.HashMap.putVal(ILjava/lang/Object;Ljava/lang/Object;ZZ)Ljava/lang/Object; @ 193 c2
Event: 5.303 Thread 0x0000016f5ec36170 DEOPT PACKING pc=0x0000016f6b50d998 sp=0x000000409a0fafb0
Event: 5.303 Thread 0x0000016f5ec36170 DEOPT UNPACKING pc=0x0000016f6ad146a2 sp=0x000000409a0fae58 mode 2
Event: 5.337 Thread 0x0000016f5ec36170 DEOPT PACKING pc=0x0000016f63d599c2 sp=0x000000409a0fa440
Event: 5.337 Thread 0x0000016f5ec36170 DEOPT UNPACKING pc=0x0000016f6ad14e42 sp=0x000000409a0f9918 mode 0
Event: 5.339 Thread 0x0000016f5ec36170 Uncommon trap: trap_request=0xffffff54 fr.pc=0x0000016f6b556dd4 relative=0x0000000000000114
Event: 5.339 Thread 0x0000016f5ec36170 Uncommon trap: reason=speculate_null_assert action=make_not_entrant pc=0x0000016f6b556dd4 method=org.jetbrains.kotlin.com.intellij.openapi.vfs.VfsUtilCore.isAncestor(Lorg/jetbrains/kotlin/com/intellij/openapi/vfs/VirtualFile;Lorg/jetbrains/kotlin/com/inte
Event: 5.339 Thread 0x0000016f5ec36170 DEOPT PACKING pc=0x0000016f6b556dd4 sp=0x000000409a0fa270
Event: 5.339 Thread 0x0000016f5ec36170 DEOPT UNPACKING pc=0x0000016f6ad146a2 sp=0x000000409a0fa200 mode 2
Event: 5.341 Thread 0x0000016f5ec36170 DEOPT PACKING pc=0x0000016f63d599c2 sp=0x000000409a0fa440
Event: 5.341 Thread 0x0000016f5ec36170 DEOPT UNPACKING pc=0x0000016f6ad14e42 sp=0x000000409a0f9918 mode 0
Event: 5.389 Thread 0x0000016f5ec36170 Uncommon trap: trap_request=0xffffff3d fr.pc=0x0000016f6b521424 relative=0x0000000000003004
Event: 5.389 Thread 0x0000016f5ec36170 Uncommon trap: reason=unstable_fused_if action=reinterpret pc=0x0000016f6b521424 method=org.jetbrains.kotlin.metadata.ProtoBuf$Type.<init>(Lorg/jetbrains/kotlin/protobuf/CodedInputStream;Lorg/jetbrains/kotlin/protobuf/ExtensionRegistryLite;)V @ 49 c2
Event: 5.389 Thread 0x0000016f5ec36170 DEOPT PACKING pc=0x0000016f6b521424 sp=0x000000409a0f9ec0
Event: 5.389 Thread 0x0000016f5ec36170 DEOPT UNPACKING pc=0x0000016f6ad146a2 sp=0x000000409a0f9e68 mode 2
Event: 5.390 Thread 0x0000016f5ec36170 Uncommon trap: trap_request=0xffffff45 fr.pc=0x0000016f6b526710 relative=0x00000000000007d0
Event: 5.390 Thread 0x0000016f5ec36170 Uncommon trap: reason=unstable_if action=reinterpret pc=0x0000016f6b526710 method=org.jetbrains.kotlin.metadata.ProtoBuf$Type.hasFlexibleUpperBound()Z @ 7 c2
Event: 5.390 Thread 0x0000016f5ec36170 DEOPT PACKING pc=0x0000016f6b526710 sp=0x000000409a0fa210
Event: 5.390 Thread 0x0000016f5ec36170 DEOPT UNPACKING pc=0x0000016f6ad146a2 sp=0x000000409a0fa160 mode 2

Classes loaded (20 events):
Event: 3.990 Loading class java/util/PriorityQueue
Event: 3.995 Loading class java/util/PriorityQueue done
Event: 4.185 Loading class java/security/AccessControlException
Event: 4.185 Loading class java/security/AccessControlException done
Event: 4.212 Loading class java/text/StringCharacterIterator
Event: 4.212 Loading class java/text/CharacterIterator
Event: 4.212 Loading class java/text/CharacterIterator done
Event: 4.212 Loading class java/text/StringCharacterIterator done
Event: 4.316 Loading class java/lang/annotation/ElementType
Event: 4.317 Loading class java/lang/annotation/ElementType done
Event: 4.317 Loading class java/lang/Deprecated
Event: 4.317 Loading class java/lang/Deprecated done
Event: 4.317 Loading class java/lang/Override
Event: 4.317 Loading class java/lang/Override done
Event: 4.484 Loading class java/util/AbstractList$ListItr
Event: 4.484 Loading class java/util/AbstractList$ListItr done
Event: 5.475 Loading class java/util/AbstractList$RandomAccessSubList
Event: 5.475 Loading class java/util/AbstractList$SubList
Event: 5.475 Loading class java/util/AbstractList$SubList done
Event: 5.475 Loading class java/util/AbstractList$RandomAccessSubList done

Classes unloaded (0 events):
No events

Classes redefined (0 events):
No events

Internal exceptions (20 events):
Event: 1.824 Thread 0x0000016f5ec36170 Exception <a 'java/lang/NoSuchMethodError'{0x000000070bb7b488}: 'long java.lang.invoke.DirectMethodHandle$Holder.invokeStatic(java.lang.Object, java.lang.Object, int)'> (0x000000070bb7b488) 
thrown [s\src\hotspot\share\interpreter\linkResolver.cpp, line 784]
Event: 1.826 Thread 0x0000016f5ec36170 Exception <a 'java/lang/NoSuchMethodError'{0x000000070bb86470}: 'java.lang.Object java.lang.invoke.DelegatingMethodHandle$Holder.reinvoke_L(java.lang.Object, int, long, java.lang.Object, java.lang.Object, int, java.lang.Object)'> (0x000000070bb86470) 
thrown [s\src\hotspot\share\interpreter\linkResolver.cpp, line 784]
Event: 1.837 Thread 0x0000016f5ec36170 Exception <a 'java/lang/NoSuchMethodError'{0x000000070bbad908}: 'java.lang.Object java.lang.invoke.DirectMethodHandle$Holder.invokeStatic(java.lang.Object, java.lang.Object, int)'> (0x000000070bbad908) 
thrown [s\src\hotspot\share\interpreter\linkResolver.cpp, line 784]
Event: 1.838 Thread 0x0000016f5ec36170 Exception <a 'java/lang/NoSuchMethodError'{0x000000070bbb8570}: 'void java.lang.invoke.DelegatingMethodHandle$Holder.delegate(java.lang.Object, java.lang.Object, int, java.lang.Object)'> (0x000000070bbb8570) 
thrown [s\src\hotspot\share\interpreter\linkResolver.cpp, line 784]
Event: 1.844 Thread 0x0000016f5ec36170 Exception <a 'java/lang/NoSuchMethodError'{0x000000070bbd4780}: 'java.lang.Object java.lang.invoke.DirectMethodHandle$Holder.newInvokeSpecial(java.lang.Object, java.lang.Object, java.lang.Object, long)'> (0x000000070bbd4780) 
thrown [s\src\hotspot\share\interpreter\linkResolver.cpp, line 784]
Event: 2.098 Thread 0x0000016f5ec36170 Exception <a 'java/lang/NoSuchMethodError'{0x000000070afd72a0}: 'void java.lang.invoke.DirectMethodHandle$Holder.invokeStaticInit(java.lang.Object, java.lang.Object, java.lang.Object)'> (0x000000070afd72a0) 
thrown [s\src\hotspot\share\interpreter\linkResolver.cpp, line 784]
Event: 2.303 Thread 0x0000016f5ec36170 Exception <a 'java/lang/NoSuchMethodError'{0x0000000717acd440}: 'java.lang.Object java.lang.invoke.DirectMethodHandle$Holder.newInvokeSpecial(java.lang.Object, java.lang.Object, java.lang.Object, java.lang.Object, java.lang.Object, java.lang.Object, java.lang.Object)'> (0x0000000717acd440) 
thrown [s\src\hotspot\share\interpreter\linkResolver.cpp, line 784]
Event: 3.521 Thread 0x0000016f5ec36170 Exception <a 'java/lang/NoSuchMethodError'{0x00000007178790a0}: 'java.lang.Object java.lang.invoke.DirectMethodHandle$Holder.invokeVirtual(java.lang.Object, java.lang.Object, java.lang.Object)'> (0x00000007178790a0) 
thrown [s\src\hotspot\share\interpreter\linkResolver.cpp, line 784]
Event: 3.836 Thread 0x0000016f5ec36170 Exception <a 'java/lang/NoSuchMethodError'{0x000000070c383d58}: 'java.lang.Object java.lang.invoke.DirectMethodHandle$Holder.newInvokeSpecial(java.lang.Object, java.lang.Object, java.lang.Object, java.lang.Object, java.lang.Object, java.lang.Object)'> (0x000000070c383d58) 
thrown [s\src\hotspot\share\interpreter\linkResolver.cpp, line 784]
Event: 4.163 Thread 0x0000016f5ec36170 Exception <a 'java/lang/NoSuchMethodError'{0x0000000712ef91c0}: 'java.lang.Object java.lang.invoke.DirectMethodHandle$Holder.newInvokeSpecial(java.lang.Object, java.lang.Object, java.lang.Object, int, java.lang.Object)'> (0x0000000712ef91c0) 
thrown [s\src\hotspot\share\interpreter\linkResolver.cpp, line 784]
Event: 5.077 Thread 0x0000016f5ec36170 Exception <a 'java/lang/NoSuchMethodError'{0x0000000710562210}: 'java.lang.Object java.lang.invoke.DirectMethodHandle$Holder.newInvokeSpecial(java.lang.Object, java.lang.Object, java.lang.Object, java.lang.Object, java.lang.Object, java.lang.Object, java.lang.Object, java.lang.Object, java.lang.Object)'> (0x0000000710562210) 
thrown [s\src\hotspot\share\interpreter\linkResolver.cpp, line 784]
Event: 5.099 Thread 0x0000016f5ec36170 Exception <a 'java/lang/NoSuchMethodError'{0x00000007105bfc30}: 'java.lang.Object java.lang.invoke.DirectMethodHandle$Holder.newInvokeSpecial(java.lang.Object, java.lang.Object, java.lang.Object, java.lang.Object, int)'> (0x00000007105bfc30) 
thrown [s\src\hotspot\share\interpreter\linkResolver.cpp, line 784]
Event: 5.100 Thread 0x0000016f5ec36170 Exception <a 'java/lang/NoSuchMethodError'{0x00000007105c4078}: 'java.lang.Object java.lang.invoke.DirectMethodHandle$Holder.invokeSpecial(java.lang.Object, java.lang.Object, java.lang.Object, java.lang.Object, java.lang.Object, int)'> (0x00000007105c4078) 
thrown [s\src\hotspot\share\interpreter\linkResolver.cpp, line 784]
Event: 5.101 Thread 0x0000016f5ec36170 Exception <a 'java/lang/NoSuchMethodError'{0x00000007105c7db8}: 'java.lang.Object java.lang.invoke.Invokers$Holder.linkToTargetMethod(java.lang.Object, java.lang.Object, java.lang.Object, int, java.lang.Object)'> (0x00000007105c7db8) 
thrown [s\src\hotspot\share\interpreter\linkResolver.cpp, line 784]
Event: 5.103 Thread 0x0000016f5ec36170 Exception <a 'java/lang/NoSuchMethodError'{0x00000007105d0310}: 'java.lang.Object java.lang.invoke.DirectMethodHandle$Holder.newInvokeSpecial(java.lang.Object, java.lang.Object, java.lang.Object, int)'> (0x00000007105d0310) 
thrown [s\src\hotspot\share\interpreter\linkResolver.cpp, line 784]
Event: 5.104 Thread 0x0000016f5ec36170 Exception <a 'java/lang/NoSuchMethodError'{0x00000007105d4190}: 'java.lang.Object java.lang.invoke.DirectMethodHandle$Holder.invokeSpecial(java.lang.Object, java.lang.Object, java.lang.Object, java.lang.Object, int)'> (0x00000007105d4190) 
thrown [s\src\hotspot\share\interpreter\linkResolver.cpp, line 784]
Event: 5.104 Thread 0x0000016f5ec36170 Exception <a 'java/lang/NoSuchMethodError'{0x00000007105d78e8}: 'java.lang.Object java.lang.invoke.Invokers$Holder.linkToTargetMethod(java.lang.Object, java.lang.Object, int, java.lang.Object)'> (0x00000007105d78e8) 
thrown [s\src\hotspot\share\interpreter\linkResolver.cpp, line 784]
Event: 5.110 Thread 0x0000016f5ec36170 Exception <a 'java/lang/NoSuchMethodError'{0x00000007105e7050}: 'java.lang.Object java.lang.invoke.DirectMethodHandle$Holder.newInvokeSpecial(java.lang.Object, int, java.lang.Object)'> (0x00000007105e7050) 
thrown [s\src\hotspot\share\interpreter\linkResolver.cpp, line 784]
Event: 5.121 Thread 0x0000016f5ec36170 Exception <a 'java/lang/NoSuchMethodError'{0x000000071021cf38}: 'java.lang.Object java.lang.invoke.DirectMethodHandle$Holder.newInvokeSpecial(java.lang.Object, java.lang.Object, java.lang.Object, java.lang.Object, int, java.lang.Object, java.lang.Object)'> (0x000000071021cf38) 
thrown [s\src\hotspot\share\interpreter\linkResolver.cpp, line 784]
Event: 5.122 Thread 0x0000016f5ec36170 Exception <a 'java/lang/NoSuchMethodError'{0x000000071022b228}: 'java.lang.Object java.lang.invoke.Invokers$Holder.linkToTargetMethod(java.lang.Object, java.lang.Object, java.lang.Object, int, java.lang.Object, java.lang.Object, java.lang.Object)'> (0x000000071022b228) 
thrown [s\src\hotspot\share\interpreter\linkResolver.cpp, line 784]

ZGC Phase Switch (0 events):
No events

VM Operations (20 events):
Event: 3.365 Executing VM operation: G1PauseRemark
Event: 3.370 Executing VM operation: G1PauseRemark done
Event: 3.372 Executing VM operation: G1PauseCleanup
Event: 3.372 Executing VM operation: G1PauseCleanup done
Event: 3.796 Executing VM operation: HandshakeAllThreads (Deoptimize)
Event: 3.796 Executing VM operation: HandshakeAllThreads (Deoptimize) done
Event: 3.908 Executing VM operation: G1CollectForAllocation (G1 Evacuation Pause)
Event: 3.912 Executing VM operation: G1CollectForAllocation (G1 Evacuation Pause) done
Event: 4.338 Executing VM operation: HandshakeAllThreads (Deoptimize)
Event: 4.338 Executing VM operation: HandshakeAllThreads (Deoptimize) done
Event: 4.485 Executing VM operation: HandshakeAllThreads (Deoptimize)
Event: 4.485 Executing VM operation: HandshakeAllThreads (Deoptimize) done
Event: 4.531 Executing VM operation: HandshakeAllThreads (Deoptimize)
Event: 4.531 Executing VM operation: HandshakeAllThreads (Deoptimize) done
Event: 4.841 Executing VM operation: HandshakeAllThreads (Deoptimize)
Event: 4.841 Executing VM operation: HandshakeAllThreads (Deoptimize) done
Event: 4.844 Executing VM operation: HandshakeAllThreads (Deoptimize)
Event: 4.844 Executing VM operation: HandshakeAllThreads (Deoptimize) done
Event: 4.900 Executing VM operation: ICBufferFull
Event: 4.900 Executing VM operation: ICBufferFull done

Memory protections (0 events):
No events

Nmethod flushes (20 events):
Event: 3.369 Thread 0x0000016f7b5acb80 flushing  nmethod 0x0000016f638a8090
Event: 3.369 Thread 0x0000016f7b5acb80 flushing  nmethod 0x0000016f638a8e10
Event: 3.369 Thread 0x0000016f7b5acb80 flushing  nmethod 0x0000016f638acc10
Event: 3.369 Thread 0x0000016f7b5acb80 flushing  nmethod 0x0000016f638ae210
Event: 3.369 Thread 0x0000016f7b5acb80 flushing  nmethod 0x0000016f638af010
Event: 3.369 Thread 0x0000016f7b5acb80 flushing  nmethod 0x0000016f638afb10
Event: 3.369 Thread 0x0000016f7b5acb80 flushing  nmethod 0x0000016f638cbb10
Event: 3.369 Thread 0x0000016f7b5acb80 flushing  nmethod 0x0000016f638cd310
Event: 3.369 Thread 0x0000016f7b5acb80 flushing  nmethod 0x0000016f638cf510
Event: 3.369 Thread 0x0000016f7b5acb80 flushing  nmethod 0x0000016f638d9710
Event: 3.369 Thread 0x0000016f7b5acb80 flushing  nmethod 0x0000016f638dab90
Event: 3.369 Thread 0x0000016f7b5acb80 flushing  nmethod 0x0000016f638e2e10
Event: 3.369 Thread 0x0000016f7b5acb80 flushing  nmethod 0x0000016f638e3e90
Event: 3.369 Thread 0x0000016f7b5acb80 flushing  nmethod 0x0000016f638e8410
Event: 3.369 Thread 0x0000016f7b5acb80 flushing  nmethod 0x0000016f638ea110
Event: 3.369 Thread 0x0000016f7b5acb80 flushing  nmethod 0x0000016f638ea910
Event: 3.369 Thread 0x0000016f7b5acb80 flushing  nmethod 0x0000016f63915890
Event: 3.369 Thread 0x0000016f7b5acb80 flushing  nmethod 0x0000016f639b7710
Event: 3.369 Thread 0x0000016f7b5acb80 flushing  nmethod 0x0000016f639b7d10
Event: 3.369 Thread 0x0000016f7b5acb80 flushing  nmethod 0x0000016f639c4910

Events (20 events):
Event: 0.150 Thread 0x0000016f5ec36170 Thread added: 0x0000016f042572f0
Event: 0.156 Thread 0x0000016f5ec36170 Thread added: 0x0000016f04268ba0
Event: 0.168 Loaded shared library C:\Program Files\Android\Android Studio\jbr\bin\net.dll
Event: 0.172 Loaded shared library C:\Program Files\Android\Android Studio\jbr\bin\nio.dll
Event: 0.195 Thread 0x0000016f0408e730 Thread added: 0x0000016f04309dc0
Event: 0.195 Thread 0x0000016f0408e730 Thread added: 0x0000016f0430a470
Event: 0.208 Loaded shared library C:\Program Files\Android\Android Studio\jbr\bin\zip.dll
Event: 0.257 Loaded shared library C:\Program Files\Android\Android Studio\jbr\bin\jimage.dll
Event: 0.692 Thread 0x0000016f040918c0 Thread added: 0x0000016f048cf6e0
Event: 0.693 Thread 0x0000016f040918c0 Thread added: 0x0000016f048cfd90
Event: 0.904 Thread 0x0000016f0430a470 Thread exited: 0x0000016f0430a470
Event: 0.904 Thread 0x0000016f04309dc0 Thread exited: 0x0000016f04309dc0
Event: 1.885 Thread 0x0000016f040918c0 Thread added: 0x0000016f05339670
Event: 1.885 Thread 0x0000016f040918c0 Thread added: 0x0000016f05339d20
Event: 1.885 Thread 0x0000016f040918c0 Thread added: 0x0000016f0533a3d0
Event: 2.410 Thread 0x0000016f0533a3d0 Thread exited: 0x0000016f0533a3d0
Event: 2.410 Thread 0x0000016f05339d20 Thread exited: 0x0000016f05339d20
Event: 3.307 Thread 0x0000016f05339670 Thread exited: 0x0000016f05339670
Event: 4.377 Thread 0x0000016f7b54fb70 Thread added: 0x0000016f07b42cf0
Event: 5.289 Thread 0x0000016f7b54fb70 Thread added: 0x0000016f059090e0


Dynamic libraries:
0x00007ff738270000 - 0x00007ff73827a000 	C:\Program Files\Android\Android Studio\jbr\bin\java.exe
0x00007ffd22ec0000 - 0x00007ffd23128000 	C:\WINDOWS\SYSTEM32\ntdll.dll
0x00007ffd21a80000 - 0x00007ffd21b49000 	C:\WINDOWS\System32\KERNEL32.DLL
0x00007ffd1f790000 - 0x00007ffd1fb81000 	C:\WINDOWS\System32\KERNELBASE.dll
0x00007ffd1fb90000 - 0x00007ffd1fcdb000 	C:\WINDOWS\System32\ucrtbase.dll
0x00007ffd17050000 - 0x00007ffd1706b000 	C:\Program Files\Android\Android Studio\jbr\bin\VCRUNTIME140.dll
0x00007ffcc5d10000 - 0x00007ffcc5d28000 	C:\Program Files\Android\Android Studio\jbr\bin\jli.dll
0x00007ffd20f70000 - 0x00007ffd21135000 	C:\WINDOWS\System32\USER32.dll
0x00007ffd20110000 - 0x00007ffd20137000 	C:\WINDOWS\System32\win32u.dll
0x00007ffcfee50000 - 0x00007ffcff0e3000 	C:\WINDOWS\WinSxS\amd64_microsoft.windows.common-controls_6595b64144ccf1df_6.0.26100.7670_none_3e0dcd8ce32f6bef\COMCTL32.dll
0x00007ffd21140000 - 0x00007ffd2116b000 	C:\WINDOWS\System32\GDI32.dll
0x00007ffd21780000 - 0x00007ffd21829000 	C:\WINDOWS\System32\msvcrt.dll
0x00007ffd20140000 - 0x00007ffd2026b000 	C:\WINDOWS\System32\gdi32full.dll
0x00007ffd1fe50000 - 0x00007ffd1fef3000 	C:\WINDOWS\System32\msvcp_win.dll
0x00007ffd21240000 - 0x00007ffd21271000 	C:\WINDOWS\System32\IMM32.DLL
0x00007ffd1ae70000 - 0x00007ffd1ae7c000 	C:\Program Files\Android\Android Studio\jbr\bin\vcruntime140_1.dll
0x00007ffc8b550000 - 0x00007ffc8b5dd000 	C:\Program Files\Android\Android Studio\jbr\bin\msvcp140.dll
0x00007ffc6a790000 - 0x00007ffc6b413000 	C:\Program Files\Android\Android Studio\jbr\bin\server\jvm.dll
0x00007ffd21830000 - 0x00007ffd218e4000 	C:\WINDOWS\System32\ADVAPI32.dll
0x00007ffd21190000 - 0x00007ffd21236000 	C:\WINDOWS\System32\sechost.dll
0x00007ffd22400000 - 0x00007ffd22518000 	C:\WINDOWS\System32\RPCRT4.dll
0x00007ffd21670000 - 0x00007ffd216e4000 	C:\WINDOWS\System32\WS2_32.dll
0x00007ffd1f610000 - 0x00007ffd1f66e000 	C:\WINDOWS\SYSTEM32\POWRPROF.dll
0x00007ffd16470000 - 0x00007ffd164a5000 	C:\WINDOWS\SYSTEM32\WINMM.dll
0x00007ffd16d20000 - 0x00007ffd16d2b000 	C:\WINDOWS\SYSTEM32\VERSION.dll
0x00007ffd1f5f0000 - 0x00007ffd1f604000 	C:\WINDOWS\SYSTEM32\UMPDC.dll
0x00007ffd1e530000 - 0x00007ffd1e54b000 	C:\WINDOWS\SYSTEM32\kernel.appcore.dll
0x00007ffd18be0000 - 0x00007ffd18bea000 	C:\Program Files\Android\Android Studio\jbr\bin\jimage.dll
0x00007ffd12cd0000 - 0x00007ffd12f12000 	C:\WINDOWS\SYSTEM32\DBGHELP.DLL
0x00007ffd21280000 - 0x00007ffd21604000 	C:\WINDOWS\System32\combase.dll
0x00007ffd20c50000 - 0x00007ffd20d27000 	C:\WINDOWS\System32\OLEAUT32.dll
0x00007ffccf5c0000 - 0x00007ffccf5fb000 	C:\WINDOWS\SYSTEM32\dbgcore.DLL
0x00007ffd20ae0000 - 0x00007ffd20b85000 	C:\WINDOWS\System32\bcryptPrimitives.dll
0x00007ffd16e20000 - 0x00007ffd16e40000 	C:\Program Files\Android\Android Studio\jbr\bin\java.dll
0x00007ffd109e0000 - 0x00007ffd109f8000 	C:\Program Files\Android\Android Studio\jbr\bin\zip.dll
0x00007ffd21bd0000 - 0x00007ffd2232e000 	C:\WINDOWS\System32\SHELL32.dll
0x00007ffd1fce0000 - 0x00007ffd1fe4a000 	C:\WINDOWS\System32\wintypes.dll
0x00007ffd20270000 - 0x00007ffd20ad7000 	C:\WINDOWS\System32\windows.storage.dll
0x00007ffd22d10000 - 0x00007ffd22e09000 	C:\WINDOWS\System32\SHCORE.dll
0x00007ffd22e10000 - 0x00007ffd22e77000 	C:\WINDOWS\System32\shlwapi.dll
0x00007ffd1f6b0000 - 0x00007ffd1f6d8000 	C:\WINDOWS\SYSTEM32\profapi.dll
0x00007ffd17410000 - 0x00007ffd17420000 	C:\Program Files\Android\Android Studio\jbr\bin\net.dll
0x00007ffd183d0000 - 0x00007ffd184f7000 	C:\WINDOWS\SYSTEM32\WINHTTP.dll
0x00007ffd1eaa0000 - 0x00007ffd1eb0b000 	C:\WINDOWS\system32\mswsock.dll
0x00007ffd109c0000 - 0x00007ffd109d6000 	C:\Program Files\Android\Android Studio\jbr\bin\nio.dll
0x00007ffd10220000 - 0x00007ffd10230000 	C:\Program Files\Android\Android Studio\jbr\bin\verify.dll

dbghelp: loaded successfully - version: 4.0.5 - missing functions: none
symbol engine: initialized successfully - sym options: 0x614 - pdb path: .;C:\Program Files\Android\Android Studio\jbr\bin;C:\WINDOWS\SYSTEM32;C:\WINDOWS\WinSxS\amd64_microsoft.windows.common-controls_6595b64144ccf1df_6.0.26100.7670_none_3e0dcd8ce32f6bef;C:\Program Files\Android\Android Studio\jbr\bin\server

VM Arguments:
java_command: org.jetbrains.kotlin.cli.jvm.K2JVMCompiler @D:\projects\Smart-Agri-Guard\mobile\build\external_path\20260201_17414136623614941342.compiler.options
java_class_path (initial): C:\Users\ORZOm\.gradle\caches\modules-2\files-2.1\org.jetbrains.kotlin\kotlin-compiler-embeddable\2.1.0\988bf980588bbbcfa1ba19c1ffd7aa869b335a31\kotlin-compiler-embeddable-2.1.0.jar;C:\Users\ORZOm\.gradle\caches\modules-2\files-2.1\org.jetbrains.kotlin\kotlin-stdlib\2.1.0\85f8b81009cda5890e54ba67d64b5e599c645020\kotlin-stdlib-2.1.0.jar;C:\Users\ORZOm\.gradle\caches\modules-2\files-2.1\org.jetbrains.kotlin\kotlin-script-runtime\2.1.0\5909da8c57b75a117714ab0e348c86101b7a3284\kotlin-script-runtime-2.1.0.jar;C:\Users\ORZOm\.gradle\caches\modules-2\files-2.1\org.jetbrains.kotlin\kotlin-reflect\1.6.10\1cbe9c92c12a94eea200d23c2bbaedaf3daf5132\kotlin-reflect-1.6.10.jar;C:\Users\ORZOm\.gradle\caches\modules-2\files-2.1\org.jetbrains.kotlin\kotlin-daemon-embeddable\2.1.0\420bae1908e4a353f5b56c3c850d24d86367b25d\kotlin-daemon-embeddable-2.1.0.jar;C:\Users\ORZOm\.gradle\caches\modules-2\files-2.1\org.jetbrains.intellij.deps\trove4j\1.0.20200330\3afb14d5f9ceb459d724e907a21145e8ff394f02\trove4j-1.0.20200330.jar;C:\Users\ORZOm\.gradle\caches\modules-2\files-2.1\org.jetbrains.kotlinx\kotlinx-coroutines-core-jvm\1.6.4\2c997cd1c0ef33f3e751d3831929aeff1390cb30\kotlinx-coroutines-core-jvm-1.6.4.jar;C:\Users\ORZOm\.gradle\caches\modules-2\files-2.1\org.jetbrains\annotations\13.0\919f0dfe192fb4e063e7dacadee7f8bb9a2672a9\annotations-13.0.jar
Launcher Type: SUN_STANDARD

[Global flags]
     intx CICompilerCount                          = 12                                        {product} {ergonomic}
     uint ConcGCThreads                            = 3                                         {product} {ergonomic}
     uint G1ConcRefinementThreads                  = 13                                        {product} {ergonomic}
   size_t G1HeapRegionSize                         = 2097152                                   {product} {ergonomic}
    uintx GCDrainStackTargetSize                   = 64                                        {product} {ergonomic}
   size_t InitialHeapSize                          = 257949696                                 {product} {ergonomic}
   size_t MarkStackSize                            = 4194304                                   {product} {ergonomic}
   size_t MaxHeapSize                              = 4118806528                                {product} {ergonomic}
   size_t MaxNewSize                               = 2470445056                                {product} {ergonomic}
   size_t MinHeapDeltaBytes                        = 2097152                                   {product} {ergonomic}
   size_t MinHeapSize                              = 8388608                                   {product} {ergonomic}
    uintx NonNMethodCodeHeapSize                   = 7602480                                {pd product} {ergonomic}
    uintx NonProfiledCodeHeapSize                  = 122027880                              {pd product} {ergonomic}
    uintx ProfiledCodeHeapSize                     = 122027880                              {pd product} {ergonomic}
    uintx ReservedCodeCacheSize                    = 251658240                              {pd product} {ergonomic}
     bool SegmentedCodeCache                       = true                                      {product} {ergonomic}
   size_t SoftMaxHeapSize                          = 4118806528                             {manageable} {ergonomic}
     bool UseCompressedOops                        = true                           {product lp64_product} {ergonomic}
     bool UseG1GC                                  = true                                      {product} {ergonomic}
     bool UseLargePagesIndividualAllocation        = false                                  {pd product} {ergonomic}

Logging:
Log output configuration:
 #0: stdout all=warning uptime,level,tags foldmultilines=false
 #1: stderr all=off uptime,level,tags foldmultilines=false

Environment Variables:
JAVA_HOME=C:\Program Files\Android\Android Studio\jbr
CLASSPATH=D:\projects\Smart-Agri-Guard\mobile\android\\gradle\wrapper\gradle-wrapper.jar
PATH=C:\Program Files\Android\Android Studio\jbr\bin;C:\Program Files\PowerShell\7;C:\flutter\src\flutter\bin\;C:\Program Files\Java\jdk-17;C:\Program Files\Common Files\Oracle\Java\javapath;D:\app\ORZOm\product\21c\dbhomeXE\bin;C:\Program Files\Microsoft\jdk-11.0.16.101-hotspot\bin;C:\windows\system32;C:\windows;C:\windows\System32\Wbem;C:\windows\System32\WindowsPowerShell\v1.0\;C:\windows\System32\OpenSSH\;C:\Program Files (x86)\NVIDIA Corporation\PhysX\Common;C:\WINDOWS\system32;C:\WINDOWS;C:\WINDOWS\System32\Wbem;C:\WINDOWS\System32\WindowsPowerShell\v1.0\;C:\WINDOWS\System32\OpenSSH\;C:\msys64\mingw64\bin;C:\xampp\php;C:\ProgramData\ComposerSetup\bin;C:\xampp\php\windowsXamppPhp;C:\Program Files\Microsoft SQL Server\150\Tools\Binn\;C:\Program Files\HP\HP One Agent;C:\Users\ORZOm\.config\herd\bin\nvm;C:\Program Files\nodejs;C:\Program Files\NVIDIA Corporation\NVIDIA app\NvDLISR;C:\Program Files\dotnet\;C:\Program Files\playit_gg\bin\;C:\Program Files\Git\cmd;C:\Program Files\nodejs\;C:\Users\ORZOm\AppData\Local\Android\Sdk;C:\Users\ORZOm\AppData\Local\Android\Sdk\platform-tools;C:\Program Files\Microsoft SQL Server\Client SDK\ODBC\170\Tools\Binn\;C:\WINDOWS\system32;C:\WINDOWS;C:\WINDOWS\System32\Wbem;C:\WINDOWS\System32\WindowsPowerShell\v1.0\;C:\WINDOWS\System32\OpenSSH\;C:\Program Files (x86)\Microsoft SQL Server\160\Tools\Binn\;C:\Program Files\Microsoft SQL Server\160\Tools\Binn\;C:\Program Files\Microsoft SQL Server\160\DTS\Binn\;C:\Program Files (x86)\Microsoft SQL Server\160\DTS\Binn\;C:\Program Files\Tesseract-OCR;C:\Program Files (x86)\Windows Kits\10\Windows Performance Toolkit\;C:\Program Files\Erlang OTP\bin;C:\Program Files\RabbitMQ Server\rabbitmq_server-4.1.2\sbin;C:\Program Files\PowerShell\7\;C:\Program Files\Microsoft SQL Server\170\Tools\Binn\;C:\Users\ORZOm\AppData\Local\Programs\Python\Python313\Scripts\;C:\Users\ORZOm\AppData\Local\Programs\Python\Python313\;C:\Program Files\Java\jdk-17;C:\Users\ORZOm\.config\herd\bin;C:\Users\ORZOm\AppData\Local\Microsoft\WindowsApps;C:\Users\ORZOm\AppData\Local\Programs\Microsoft VS Code\bin;C:\Users\ORZOm\AppData\Roaming\Composer\vendor\bin;C:\xampp;C:\xampp\php\windowsXamppPhp;C:\Users\ORZOm\.dotnet\tools;C:\msys64\ucrt64\bin;C:\Users\ORZOm\AppData\Local\GitHubDesktop\bin;C:\flutter\src\flutter\bin;C:\Program Files\chocoportable\bin;C:\Users\ORZOm\AppData\Roaming\npm;C:\Users\ORZOm\AppData\Local\Android\Sdk;C:\Users\ORZOm\AppData\Local\Android\Sdk\platform-tools;C:\Users\ORZOm\AppData\Local\Android\Sdk\emulator;C:\Users\ORZOm\AppData\Local\Android\Sdk\tools;C:\Users\ORZOm\AppData\Local\Android\Sdk\tools\bin;C:\Users\ORZOm\AppData\Local\WhatsApp;C:\Program Files\Microsoft Visual Studio\2022\Professional\Common7\IDE;D:\Program Files\JetBrains\IntelliJ IDEA 2025.2.5\bin;C:\Users\ORZOm\AppData\Local\Pub\Cache\bin;D:\Antigravity\bin;C:\Users\ORZOm\AppData\Local\Microsoft\WinGet\Packages\BrechtSanders.WinLibs.POSIX.UCRT_Microsoft.Winget.Source_8wekyb3d8bbwe\mingw64\bin;C:\flutter\src\flutter\bin\mingit\cmd
USERNAME=ORZOm
LANG=en_US.UTF-8
OS=Windows_NT
PROCESSOR_IDENTIFIER=AMD64 Family 25 Model 80 Stepping 0, AuthenticAMD
TMP=C:\Users\ORZOm\AppData\Local\Temp
TEMP=C:\Users\ORZOm\AppData\Local\Temp




Periodic native trim disabled

JNI global refs:
JNI global refs: 16, weak refs: 0

JNI global refs memory usage: 835, weak refs: 833

Process memory usage:
Resident Set Size: 258116K (1% of 16086948K total physical memory with 769108K free physical memory)

OOME stack traces (most recent first):
Classloader memory used:
Loader jdk.internal.loader.ClassLoaders$AppClassLoader                                 : 40545K
Loader bootstrap                                                                       : 10284K

---------------  S Y S T E M  ---------------

OS:
 Windows 11 , 64 bit Build 26100 (10.0.26100.7670)
OS uptime: 0 days 10:17 hours
Hyper-V role detected

CPU: total 16 (initial active 16) (16 cores per cpu, 2 threads per core) family 25 model 80 stepping 0 microcode 0xa500014, cx8, cmov, fxsr, ht, mmx, 3dnowpref, sse, sse2, sse3, ssse3, sse4a, sse4.1, sse4.2, popcnt, lzcnt, tsc, tscinvbit, avx, avx2, aes, erms, clmul, bmi1, bmi2, adx, sha, fma, vzeroupper, clflush, clflushopt, hv, rdtscp, rdpid, fsrm, f16c, cet_ss
Processor Information for all 16 processors :
  Max Mhz: 3201, Current Mhz: 3201, Mhz Limit: 3201

Memory: 4k page, system-wide physical 15709M (739M free)
TotalPageFile size 37695M (AvailPageFile size 1M)
current process WorkingSet (physical memory assigned to process): 252M, peak: 256M
current process commit charge ("private bytes"): 341M, peak: 364M

vm_info: OpenJDK 64-Bit Server VM (21.0.4+-12508038-b607.1) for windows-amd64 JRE (21.0.4+-12508038-b607.1), built on 2024-10-16T17:23:34Z by "builder" with MS VC++ 16.10 / 16.11 (VS2019)

END.
